unitTest.c:20:6:Test_Case_1_isEqual	16	static
unitTest.c:40:6:Test_Case_2_inRange	16	static
unitTest.c:56:6:Test_Case_3_isBitSet	16	static
unitTest.c:73:6:Test_Case_4_isBitClear	16	static
unitTest.c:90:6:Test_Case_5_is8Bit	16	static
unitTest.c:109:6:Test_Case_6_is16Bit	16	static
unitTest.c:128:6:Test_Case_7_is32Bit	16	static
unitTest.c:146:6:Test_Case_8_isNull	16	static
unitTest.c:166:6:Test_Case_9_isNotNull	16	static
unitTest.c:186:6:Test_Case_10_status	24	static
unitTest.c:206:6:Test_Case_Script	8	static
