core_cm0plus.h:745:22:NVIC_EnableIRQ	16	static
core_cm0plus.h:791:22:NVIC_ClearPendingIRQ	16	static
core_cm0plus.h:804:22:NVIC_SetPriority	24	static
UART.c:39:6:Init_UART0	32	static
UART.c:116:6:uart_transmit	16	static
UART.c:129:6:uart_receive	8	static
UART.c:200:6:print_string	16	static
UART.c:214:6:print_num	48	static
UART.c:224:6:add_cb	16	static
UART.c:231:6:UART0_IRQHandler	8	static
UART.c:278:6:polling_echo	24	static
UART.c:295:6:interrupt_echo	16	static
UART.c:310:6:polling_application	16	static
UART.c:322:6:interrupt_application	16	static
