Archive member included to satisfy reference by file (symbol)

c:/nxp/mcuxpressoide_11.0.1_2563/ide/plugins/com.nxp.mcuxpresso.tools.win32_11.0.1.201907311258/tools/bin/../lib/gcc/arm-none-eabi/8.2.1/../../../../arm-none-eabi/lib/thumb/v6-m/nofp\libcr_semihost_nf.a(_cr__main.o)
                              ./startup/startup_mkl25z4.o (__main)
c:/nxp/mcuxpressoide_11.0.1_2563/ide/plugins/com.nxp.mcuxpresso.tools.win32_11.0.1.201907311258/tools/bin/../lib/gcc/arm-none-eabi/8.2.1/../../../../arm-none-eabi/lib/thumb/v6-m/nofp\libcr_semihost_nf.a(_cr_assert.o)
                              ./drivers/fsl_adc16.o (__assertion_failed)
c:/nxp/mcuxpressoide_11.0.1_2563/ide/plugins/com.nxp.mcuxpresso.tools.win32_11.0.1.201907311258/tools/bin/../lib/gcc/arm-none-eabi/8.2.1/../../../../arm-none-eabi/lib/thumb/v6-m/nofp\libcr_semihost_nf.a(__ciob.o)
                              c:/nxp/mcuxpressoide_11.0.1_2563/ide/plugins/com.nxp.mcuxpresso.tools.win32_11.0.1.201907311258/tools/bin/../lib/gcc/arm-none-eabi/8.2.1/../../../../arm-none-eabi/lib/thumb/v6-m/nofp\libcr_semihost_nf.a(_cr_assert.o) (__Ciob)
c:/nxp/mcuxpressoide_11.0.1_2563/ide/plugins/com.nxp.mcuxpresso.tools.win32_11.0.1.201907311258/tools/bin/../lib/gcc/arm-none-eabi/8.2.1/../../../../arm-none-eabi/lib/thumb/v6-m/nofp\libcr_semihost_nf.a(__sys_appexit.o)
                              c:/nxp/mcuxpressoide_11.0.1_2563/ide/plugins/com.nxp.mcuxpresso.tools.win32_11.0.1.201907311258/tools/bin/../lib/gcc/arm-none-eabi/8.2.1/../../../../arm-none-eabi/lib/thumb/v6-m/nofp\libcr_semihost_nf.a(_cr_assert.o) (__sys_appexit)
c:/nxp/mcuxpressoide_11.0.1_2563/ide/plugins/com.nxp.mcuxpresso.tools.win32_11.0.1.201907311258/tools/bin/../lib/gcc/arm-none-eabi/8.2.1/../../../../arm-none-eabi/lib/thumb/v6-m/nofp\libcr_c.a(memcpy.o)
                              ./drivers/fsl_flash.o (memcpy)
c:/nxp/mcuxpressoide_11.0.1_2563/ide/plugins/com.nxp.mcuxpresso.tools.win32_11.0.1.201907311258/tools/bin/../lib/gcc/arm-none-eabi/8.2.1/../../../../arm-none-eabi/lib/thumb/v6-m/nofp\libcr_c.a(memset.o)
                              ./drivers/fsl_dma.o (memset)
c:/nxp/mcuxpressoide_11.0.1_2563/ide/plugins/com.nxp.mcuxpresso.tools.win32_11.0.1.201907311258/tools/bin/../lib/gcc/arm-none-eabi/8.2.1/../../../../arm-none-eabi/lib/thumb/v6-m/nofp\libcr_c.a(_deferredlazyseek.o)
                              c:/nxp/mcuxpressoide_11.0.1_2563/ide/plugins/com.nxp.mcuxpresso.tools.win32_11.0.1.201907311258/tools/bin/../lib/gcc/arm-none-eabi/8.2.1/../../../../arm-none-eabi/lib/thumb/v6-m/nofp\libcr_semihost_nf.a(_cr_assert.o) (__flsbuf)
c:/nxp/mcuxpressoide_11.0.1_2563/ide/plugins/com.nxp.mcuxpresso.tools.win32_11.0.1.201907311258/tools/bin/../lib/gcc/arm-none-eabi/8.2.1/../../../../arm-none-eabi/lib/thumb/v6-m/nofp\libcr_c.a(_fflush.o)
                              c:/nxp/mcuxpressoide_11.0.1_2563/ide/plugins/com.nxp.mcuxpresso.tools.win32_11.0.1.201907311258/tools/bin/../lib/gcc/arm-none-eabi/8.2.1/../../../../arm-none-eabi/lib/thumb/v6-m/nofp\libcr_c.a(_deferredlazyseek.o) (_fflush)
c:/nxp/mcuxpressoide_11.0.1_2563/ide/plugins/com.nxp.mcuxpresso.tools.win32_11.0.1.201907311258/tools/bin/../lib/gcc/arm-none-eabi/8.2.1/../../../../arm-none-eabi/lib/thumb/v6-m/nofp\libcr_c.a(_writebuf.o)
                              c:/nxp/mcuxpressoide_11.0.1_2563/ide/plugins/com.nxp.mcuxpresso.tools.win32_11.0.1.201907311258/tools/bin/../lib/gcc/arm-none-eabi/8.2.1/../../../../arm-none-eabi/lib/thumb/v6-m/nofp\libcr_c.a(_deferredlazyseek.o) (_Cwritebuf)
c:/nxp/mcuxpressoide_11.0.1_2563/ide/plugins/com.nxp.mcuxpresso.tools.win32_11.0.1.201907311258/tools/bin/../lib/gcc/arm-none-eabi/8.2.1/../../../../arm-none-eabi/lib/thumb/v6-m/nofp\libcr_c.a(alloc.o)
                              c:/nxp/mcuxpressoide_11.0.1_2563/ide/plugins/com.nxp.mcuxpresso.tools.win32_11.0.1.201907311258/tools/bin/../lib/gcc/arm-none-eabi/8.2.1/../../../../arm-none-eabi/lib/thumb/v6-m/nofp\libcr_c.a(_deferredlazyseek.o) (_Csys_alloc)
c:/nxp/mcuxpressoide_11.0.1_2563/ide/plugins/com.nxp.mcuxpresso.tools.win32_11.0.1.201907311258/tools/bin/../lib/gcc/arm-none-eabi/8.2.1/../../../../arm-none-eabi/lib/thumb/v6-m/nofp\libcr_c.a(fputs.o)
                              c:/nxp/mcuxpressoide_11.0.1_2563/ide/plugins/com.nxp.mcuxpresso.tools.win32_11.0.1.201907311258/tools/bin/../lib/gcc/arm-none-eabi/8.2.1/../../../../arm-none-eabi/lib/thumb/v6-m/nofp\libcr_semihost_nf.a(_cr_assert.o) (fputs)
c:/nxp/mcuxpressoide_11.0.1_2563/ide/plugins/com.nxp.mcuxpresso.tools.win32_11.0.1.201907311258/tools/bin/../lib/gcc/arm-none-eabi/8.2.1/../../../../arm-none-eabi/lib/thumb/v6-m/nofp\libcr_c.a(fseek.o)
                              c:/nxp/mcuxpressoide_11.0.1_2563/ide/plugins/com.nxp.mcuxpresso.tools.win32_11.0.1.201907311258/tools/bin/../lib/gcc/arm-none-eabi/8.2.1/../../../../arm-none-eabi/lib/thumb/v6-m/nofp\libcr_c.a(_deferredlazyseek.o) (fseek)
[...]
Memory Configuration

Name             Origin             Length             Attributes
PROGRAM_FLASH    0x00000000         0x00020000         xr
SRAM             0x1ffff000         0x00004000         xrw
*default*        0x00000000         0xffffffff

Linker script and memory map

LOAD ./utilities/fsl_debug_console.o
LOAD ./startup/startup_mkl25z4.o
LOAD ./source/I2C.o
LOAD ./source/POST_Test.o
LOAD ./source/State_Machine.o
LOAD ./source/System.o
LOAD ./source/Systick_timer.o
LOAD ./source/logger.o
LOAD ./source/main.o
LOAD ./source/mtb.o
LOAD ./source/semihost_hardfault.o
LOAD ./source/ss_led_control.o
LOAD ./source/unitTest.o
LOAD ./drivers/fsl_adc16.o
LOAD ./drivers/fsl_clock.o
LOAD ./drivers/fsl_cmp.o
LOAD ./drivers/fsl_common.o
LOAD ./drivers/fsl_cop.o
LOAD ./drivers/fsl_dac.o
LOAD ./drivers/fsl_dma.o
LOAD ./drivers/fsl_dmamux.o
LOAD ./drivers/fsl_flash.o
LOAD ./drivers/fsl_gpio.o
LOAD ./drivers/fsl_i2c.o
LOAD ./drivers/fsl_i2c_dma.o
LOAD ./drivers/fsl_llwu.o
LOAD ./drivers/fsl_lpsci.o
LOAD ./drivers/fsl_lpsci_dma.o
LOAD ./drivers/fsl_lptmr.o
LOAD ./drivers/fsl_pit.o
LOAD ./drivers/fsl_pmc.o
LOAD ./drivers/fsl_rcm.o
LOAD ./drivers/fsl_rtc.o
LOAD ./drivers/fsl_sim.o
LOAD ./drivers/fsl_smc.o
LOAD ./drivers/fsl_spi.o
LOAD ./drivers/fsl_spi_dma.o
LOAD ./drivers/fsl_tpm.o
LOAD ./drivers/fsl_tsi_v4.o
LOAD ./drivers/fsl_uart.o
LOAD ./drivers/fsl_uart_dma.o
LOAD ./board/board.o
LOAD ./board/clock_config.o
LOAD ./board/peripherals.o
LOAD ./board/pin_mux.o
LOAD ./CMSIS/system_MKL25Z4.o
START GROUP
LOAD c:/nxp/mcuxpressoide_11.0.1_2563/ide/plugins/com.nxp.mcuxpresso.tools.win32_11.0.1.201907311258/tools/bin/../lib/gcc/arm-none-eabi/8.2.1/../../../../arm-none-eabi/lib/thumb/v6-m/nofp\libcr_semihost_nf.a
LOAD c:/nxp/mcuxpressoide_11.0.1_2563/ide/plugins/com.nxp.mcuxpresso.tools.win32_11.0.1.201907311258/tools/bin/../lib/gcc/arm-none-eabi/8.2.1/../../../../arm-none-eabi/lib/thumb/v6-m/nofp\libcr_c.a
LOAD c:/nxp/mcuxpressoide_11.0.1_2563/ide/plugins/com.nxp.mcuxpresso.tools.win32_11.0.1.201907311258/tools/bin/../lib/gcc/arm-none-eabi/8.2.1/thumb/v6-m/nofp\libcr_eabihelpers.a
LOAD c:/nxp/mcuxpressoide_11.0.1_2563/ide/plugins/com.nxp.mcuxpresso.tools.win32_11.0.1.201907311258/tools/bin/../lib/gcc/arm-none-eabi/8.2.1/thumb/v6-m/nofp\libgcc.a
END GROUP
                0x00000000                __base_PROGRAM_FLASH = 0x0
                0x00000000                __base_Flash = 0x0
                0x00020000                __top_PROGRAM_FLASH = 0x20000
                0x00020000                __top_Flash = 0x20000
                0x1ffff000                __base_SRAM = 0x1ffff000
                0x1ffff000                __base_RAM = 0x1ffff000
                0x20003000                __top_SRAM = 0x20003000
                0x20003000                __top_RAM = 0x20003000

.text           0x00000000     0x5e38
 FILL mask 0xff
                0x00000000                __vectors_start__ = ABSOLUTE (.)
 *(SORT_BY_ALIGNMENT(.isr_vector))
 .isr_vector    0x00000000       0xc0 ./startup/startup_mkl25z4.o
                0x00000000                g_pfnVectors
                0x00000000                __Vectors
                0x000000c0                . = ALIGN (0x4)
                0x000000c0                __section_table_start = .
                0x000000c0                __data_section_table = .
                0x000000c0        0x4 LONG 0x5e38 LOADADDR (.data)
                0x000000c4        0x4 LONG 0x1ffff080 ADDR (.data)
                0x000000c8        0x4 LONG 0x38 SIZEOF (.data)
                0x000000cc                __data_section_table_end = .
                0x000000cc                __bss_section_table = .
                0x000000cc        0x4 LONG 0x1ffff0b8 ADDR (.bss)
                0x000000d0        0x4 LONG 0x150 SIZEOF (.bss)
                0x000000d4                __bss_section_table_end = .
                0x000000d4                __section_table_end = .
 *(SORT_BY_ALIGNMENT(.after_vectors*))
 .after_vectors.reset
                0x000000d4       0x4c ./startup/startup_mkl25z4.o
                0x000000d4                ResetISR
 .after_vectors.init_data
                0x00000120       0x12 ./startup/startup_mkl25z4.o
                0x00000120                data_init
 .after_vectors.init_bss
                0x00000132       0x10 ./startup/startup_mkl25z4.o
                0x00000132                bss_init
 .after_vectors
                0x00000142      0x10c ./startup/startup_mkl25z4.o
                0x00000142                NMI_Handler
                0x00000146                SVC_Handler
                0x00000148                PendSV_Handler
                0x0000014c                LPTMR0_DriverIRQHandler
                0x0000014c                PORTD_DriverIRQHandler
                0x0000014c                Reserved39_DriverIRQHandler
                0x0000014c                CMP0_DriverIRQHandler
                0x0000014c                ADC0_DriverIRQHandler
                0x0000014c                TPM0_DriverIRQHandler
                0x0000014c                TPM2_DriverIRQHandler
                0x0000014c                PIT_DriverIRQHandler
                0x0000014c                RTC_DriverIRQHandler
                0x0000014c                TSI0_DriverIRQHandler
                0x0000014c                RTC_Seconds_DriverIRQHandler
                0x0000014c                TPM1_DriverIRQHandler
                0x0000014c                PORTA_DriverIRQHandler
                0x0000014c                LLWU_DriverIRQHandler
                0x0000014c                MCG_DriverIRQHandler
                0x0000014c                Reserved45_DriverIRQHandler
                0x0000014c                Reserved20_DriverIRQHandler
                0x0000014c                DAC0_DriverIRQHandler
                0x0000014c                FTFA_DriverIRQHandler
                0x0000014c                IntDefaultHandler
                0x0000014c                USB0_DriverIRQHandler
                0x0000014c                LVD_LVW_DriverIRQHandler
                0x0000014e                DMA0_IRQHandler
                0x00000156                DMA1_IRQHandler
                0x0000015e                DMA2_IRQHandler
                0x00000166                DMA3_IRQHandler
                0x0000016e                Reserved20_IRQHandler
                0x00000176                FTFA_IRQHandler
                0x0000017e                LVD_LVW_IRQHandler
                0x00000186                LLWU_IRQHandler
                0x0000018e                I2C0_IRQHandler
                0x00000196                I2C1_IRQHandler
                0x0000019e                SPI0_IRQHandler
                0x000001a6                SPI1_IRQHandler
                0x000001ae                UART0_IRQHandler
                0x000001b6                UART1_IRQHandler
                0x000001be                UART2_IRQHandler
                0x000001c6                ADC0_IRQHandler
                0x000001ce                CMP0_IRQHandler
                0x000001d6                TPM0_IRQHandler
                0x000001de                TPM1_IRQHandler
                0x000001e6                TPM2_IRQHandler
                0x000001ee                RTC_IRQHandler
                0x000001f6                RTC_Seconds_IRQHandler
                0x000001fe                PIT_IRQHandler
                0x00000206                Reserved39_IRQHandler
                0x0000020e                USB0_IRQHandler
                0x00000216                DAC0_IRQHandler
                0x0000021e                TSI0_IRQHandler
                0x00000226                MCG_IRQHandler
                0x0000022e                LPTMR0_IRQHandler
                0x00000236                Reserved45_IRQHandler
                0x0000023e                PORTA_IRQHandler
                0x00000246                PORTD_IRQHandler
                0x00000400                . = 0x400
 *fill*         0x0000024e      0x1b2 ff
                0x00000400                PROVIDE (__FLASH_CONFIG_START__ = .)
 *(SORT_BY_ALIGNMENT(.FlashConfig))
 .FlashConfig   0x00000400       0x10 ./startup/startup_mkl25z4.o
                0x00000400                Flash_Config
                0x00000410                PROVIDE (__FLASH_CONFIG_END__ = .)
                0x00000001                ASSERT (! ((__FLASH_CONFIG_START__ == __FLASH_CONFIG_END__)), Linker Flash Config Support Enabled, but no .FlashConfig section provided within application)
 *(SORT_BY_ALIGNMENT(.text*))
 .text.DbgConsole_Init
                0x00000410       0xf0 ./utilities/fsl_debug_console.o
                0x00000410                DbgConsole_Init
 .text.__sys_write
                0x00000500       0x58 ./utilities/fsl_debug_console.o
                0x00000500                __sys_write
 .text.I2C_Config
                0x00000558       0x84 ./source/I2C.o
                0x00000558                I2C_Config
 .text.I2C_Read_Data
                0x000005dc      0x1ec ./source/I2C.o
                0x000005dc                I2C_Read_Data
 .text.check_disconnect_event
                0x000007c8       0x7c ./source/I2C.o
                0x000007c8                check_disconnect_event
 .text.I2C_Read_Dat
                0x00000844       0x4c ./source/I2C.o
                0x00000844                I2C_Read_Dat
 .text.POST_Test
                0x00000890       0x44 ./source/POST_Test.o
                0x00000890                POST_Test
 .text.avg_temp
                0x000008d4       0x38 ./source/POST_Test.o
                0x000008d4                avg_temp
 .text.state_machine
                0x0000090c       0xd4 ./source/State_Machine.o
                0x0000090c                state_machine
 .text.table_state_machine
                0x000009e0       0x6c ./source/State_Machine.o
                0x000009e0                table_state_machine
 .text.Transition_in_Table
                0x00000a4c       0xa0 ./source/State_Machine.o
                0x00000a4c                Transition_in_Table
 .text.Temp_Reading_State
                0x00000aec       0x84 ./source/State_Machine.o
                0x00000aec                Temp_Reading_State
 .text.Temp_Reading_Func_for_Event
                0x00000b70       0x84 ./source/State_Machine.o
                0x00000b70                Temp_Reading_Func_for_Event
 .text.Average_Wait_State
                0x00000bf4       0xd8 ./source/State_Machine.o
                0x00000bf4                Average_Wait_State
 .text.Average_Wait_Func_for_Event
                0x00000ccc       0xe4 ./source/State_Machine.o
                0x00000ccc                Average_Wait_Func_for_Event
 .text.Temp_Alert_State
                0x00000db0       0x50 ./source/State_Machine.o
                0x00000db0                Temp_Alert_State
 .text.Temp_Alert_Func_for_Event
                0x00000e00       0x60 ./source/State_Machine.o
                0x00000e00                Temp_Alert_Func_for_Event
 .text.Disconnected_State_Func_for_Event
                0x00000e60       0x28 ./source/State_Machine.o
                0x00000e60                Disconnected_State_Func_for_Event
 .text.End_State
                0x00000e88       0x2c ./source/State_Machine.o
                0x00000e88                End_State
 .text.End_State_Func_for_Event
                0x00000eb4       0x30 ./source/State_Machine.o
                0x00000eb4                End_State_Func_for_Event
 .text.Resetting_Global_Var
                0x00000ee4       0x20 ./source/State_Machine.o
                0x00000ee4                Resetting_Global_Var
 .text.NVIC_SetPriority
                0x00000f04       0xdc ./source/Systick_timer.o
 .text.Init_SysTick
                0x00000fe0       0x30 ./source/Systick_timer.o
                0x00000fe0                Init_SysTick
 .text.SysTick_Handler
                0x00001010       0x5c ./source/Systick_timer.o
                0x00001010                SysTick_Handler
 .text.Log_enable
                0x0000106c       0x14 ./source/logger.o
                0x0000106c                Log_enable
 .text.Log_level
                0x00001080       0x44 ./source/logger.o
                0x00001080                Log_level
 .text.Log      0x000010c4      0x160 ./source/logger.o
                0x000010c4                Log
 .text.Function_Printed_in_Log
                0x00001224      0x168 ./source/logger.o
                0x00001224                Function_Printed_in_Log
 .text.Log_integer
                0x0000138c       0x2c ./source/logger.o
                0x0000138c                Log_integer
 .text.main     0x000013b8       0x9c ./source/main.o
                0x000013b8                main
 .text.HardFault_Handler
                0x00001454       0x30 ./source/semihost_hardfault.o
                0x00001454                HardFault_Handler
 .text.LED_Initialize
                0x00001484       0x3c ./source/ss_led_control.o
                0x00001484                LED_Initialize
 .text.delay    0x000014c0       0x44 ./source/ss_led_control.o
                0x000014c0                delay
 .text.LED_RED  0x00001504       0x44 ./source/ss_led_control.o
                0x00001504                LED_RED
 .text.LED_GREEN
                0x00001548       0x44 ./source/ss_led_control.o
                0x00001548                LED_GREEN
 .text.LED_BLUE
                0x0000158c       0x44 ./source/ss_led_control.o
                0x0000158c                LED_BLUE
 .text.CLOCK_SetEr32kClock
                0x000015d0       0x34 ./drivers/fsl_clock.o
 .text.CLOCK_SetPllFllSelClock
                0x00001604       0x38 ./drivers/fsl_clock.o
 .text.CLOCK_GetMcgExtClkFreq
                0x0000163c       0x28 ./drivers/fsl_clock.o
 .text.CLOCK_GetFllExtRefClkFreq
                0x00001664       0xa4 ./drivers/fsl_clock.o
 .text.CLOCK_GetFllRefClkFreq
                0x00001708       0x2c ./drivers/fsl_clock.o
 .text.CLOCK_GetOscRangeFromFreq
                0x00001734       0x4c ./drivers/fsl_clock.o
 .text.CLOCK_GetPllFllSelClkFreq
                0x00001780       0x4c ./drivers/fsl_clock.o
                0x00001780                CLOCK_GetPllFllSelClkFreq
 .text.CLOCK_SetSimConfig
                0x000017cc       0x38 ./drivers/fsl_clock.o
                0x000017cc                CLOCK_SetSimConfig
 .text.CLOCK_GetFllFreq
                0x00001804       0x84 ./drivers/fsl_clock.o
                0x00001804                CLOCK_GetFllFreq
 .text.CLOCK_GetPll0Freq
                0x00001888       0x70 ./drivers/fsl_clock.o
                0x00001888                CLOCK_GetPll0Freq
 .text.CLOCK_SetInternalRefClkConfig
                0x000018f8      0x124 ./drivers/fsl_clock.o
                0x000018f8                CLOCK_SetInternalRefClkConfig
 .text.CLOCK_EnablePll0
                0x00001a1c       0x90 ./drivers/fsl_clock.o
                0x00001a1c                CLOCK_EnablePll0
 .text.CLOCK_InitOsc0
                0x00001aac       0x94 ./drivers/fsl_clock.o
                0x00001aac                CLOCK_InitOsc0
 .text.CLOCK_SetPbeMode
                0x00001b40       0xb0 ./drivers/fsl_clock.o
                0x00001b40                CLOCK_SetPbeMode
 .text.CLOCK_BootToPeeMode
                0x00001bf0       0x70 ./drivers/fsl_clock.o
                0x00001bf0                CLOCK_BootToPeeMode
 .text.DMA_ClearChannelStatusFlags
                0x00001c60       0x54 ./drivers/fsl_dma.o
 .text.DMA_HandleIRQ
                0x00001cb4       0x4c ./drivers/fsl_dma.o
                0x00001cb4                DMA_HandleIRQ
 .text.DMA0_DriverIRQHandler
                0x00001d00       0x18 ./drivers/fsl_dma.o
                0x00001d00                DMA0_DriverIRQHandler
 .text.DMA1_DriverIRQHandler
                0x00001d18       0x18 ./drivers/fsl_dma.o
                0x00001d18                DMA1_DriverIRQHandler
 .text.DMA2_DriverIRQHandler
                0x00001d30       0x18 ./drivers/fsl_dma.o
                0x00001d30                DMA2_DriverIRQHandler
 .text.DMA3_DriverIRQHandler
                0x00001d48       0x18 ./drivers/fsl_dma.o
                0x00001d48                DMA3_DriverIRQHandler
 .text.GPIO_PinInit
                0x00001d60       0x64 ./drivers/fsl_gpio.o
                0x00001d60                GPIO_PinInit
 .text.I2C_TransferCommonIRQHandler
                0x00001dc4       0x54 ./drivers/fsl_i2c.o
 .text.I2C0_DriverIRQHandler
                0x00001e18       0x20 ./drivers/fsl_i2c.o
                0x00001e18                I2C0_DriverIRQHandler
 .text.I2C1_DriverIRQHandler
                0x00001e38       0x20 ./drivers/fsl_i2c.o
                0x00001e38                I2C1_DriverIRQHandler
 .text.CLOCK_EnableClock
                0x00001e58       0x34 ./drivers/fsl_lpsci.o
 .text.LPSCI_GetInstance
                0x00001e8c       0x48 ./drivers/fsl_lpsci.o
                0x00001e8c                LPSCI_GetInstance
 .text.LPSCI_Init
                0x00001ed4      0x258 ./drivers/fsl_lpsci.o
                0x00001ed4                LPSCI_Init
 .text.LPSCI_GetDefaultConfig
                0x0000212c       0x44 ./drivers/fsl_lpsci.o
                0x0000212c                LPSCI_GetDefaultConfig
 .text.LPSCI_ClearStatusFlags
                0x00002170       0x94 ./drivers/fsl_lpsci.o
                0x00002170                LPSCI_ClearStatusFlags
 .text.LPSCI_WriteBlocking
                0x00002204       0x4c ./drivers/fsl_lpsci.o
                0x00002204                LPSCI_WriteBlocking
 .text.LPSCI_ReadBlocking
                0x00002250       0xc0 ./drivers/fsl_lpsci.o
                0x00002250                LPSCI_ReadBlocking
 .text.UART0_DriverIRQHandler
                0x00002310       0x24 ./drivers/fsl_lpsci.o
                0x00002310                UART0_DriverIRQHandler
 .text.SPI_CommonIRQHandler
                0x00002334       0x54 ./drivers/fsl_spi.o
 .text.SPI0_DriverIRQHandler
                0x00002388       0x30 ./drivers/fsl_spi.o
                0x00002388                SPI0_DriverIRQHandler
 .text.SPI1_DriverIRQHandler
                0x000023b8       0x30 ./drivers/fsl_spi.o
                0x000023b8                SPI1_DriverIRQHandler
 .text.CLOCK_EnableClock
                0x000023e8       0x34 ./drivers/fsl_uart.o
 .text.UART_GetInstance
                0x0000241c       0x54 ./drivers/fsl_uart.o
                0x0000241c                UART_GetInstance
 .text.UART_Init
                0x00002470      0x1e0 ./drivers/fsl_uart.o
                0x00002470                UART_Init
 .text.UART_GetDefaultConfig
                0x00002650       0x44 ./drivers/fsl_uart.o
                0x00002650                UART_GetDefaultConfig
 .text.UART_ReadBlocking
                0x00002694       0x98 ./drivers/fsl_uart.o
                0x00002694                UART_ReadBlocking
 .text.UART1_DriverIRQHandler
                0x0000272c       0x24 ./drivers/fsl_uart.o
                0x0000272c                UART1_DriverIRQHandler
 .text.UART2_DriverIRQHandler
                0x00002750       0x24 ./drivers/fsl_uart.o
                0x00002750                UART2_DriverIRQHandler
 .text.CLOCK_SetLpsci0Clock
                0x00002774       0x38 ./board/board.o
 .text.BOARD_InitDebugConsole
                0x000027ac       0x30 ./board/board.o
                0x000027ac                BOARD_InitDebugConsole
 .text.CLOCK_SetSimSafeDivs
                0x000027dc       0x20 ./board/clock_config.o
 .text.CLOCK_SetXtal0Freq
                0x000027fc       0x1c ./board/clock_config.o
 .text.CLOCK_CONFIG_SetFllExtRefDiv
                0x00002818       0x3c ./board/clock_config.o
 .text.BOARD_BootClockRUN
                0x00002854       0x64 ./board/clock_config.o
                0x00002854                BOARD_BootClockRUN
 .text.CLOCK_EnableClock
                0x000028b8       0x34 ./board/pin_mux.o
 .text.PORT_SetPinMux
                0x000028ec       0x40 ./board/pin_mux.o
 .text.BOARD_InitPins
                0x0000292c       0xac ./board/pin_mux.o
                0x0000292c                BOARD_InitPins
 .text.SystemInit
                0x000029d8       0x18 ./CMSIS/system_MKL25Z4.o
                0x000029d8                SystemInit
 .text.__assertion_failed
                0x000029f0       0x4c c:/nxp/mcuxpressoide_11.0.1_2563/ide/plugins/com.nxp.mcuxpresso.tools.win32_11.0.1.201907311258/tools/bin/../lib/gcc/arm-none-eabi/8.2.1/../../../../arm-none-eabi/lib/thumb/v6-m/nofp\libcr_semihost_nf.a(_cr_assert.o)
                0x000029f0                __assertion_failed
 .text.__sys_appexit
                0x00002a3c        0xc c:/nxp/mcuxpressoide_11.0.1_2563/ide/plugins/com.nxp.mcuxpresso.tools.win32_11.0.1.201907311258/tools/bin/../lib/gcc/arm-none-eabi/8.2.1/../../../../arm-none-eabi/lib/thumb/v6-m/nofp\libcr_semihost_nf.a(__sys_appexit.o)
                0x00002a3c                __sys_appexit
                0x00002a3c                __exit
 .text._deferredlazyseek
                0x00002a48       0x40 c:/nxp/mcuxpressoide_11.0.1_2563/ide/plugins/com.nxp.mcuxpresso.tools.win32_11.0.1.201907311258/tools/bin/../lib/gcc/arm-none-eabi/8.2.1/../../../../arm-none-eabi/lib/thumb/v6-m/nofp\libcr_c.a(_deferredlazyseek.o)
                0x00002a48                _deferredlazyseek
 .text.__flsbuf
                0x00002a88      0x14c c:/nxp/mcuxpressoide_11.0.1_2563/ide/plugins/com.nxp.mcuxpresso.tools.win32_11.0.1.201907311258/tools/bin/../lib/gcc/arm-none-eabi/8.2.1/../../../../arm-none-eabi/lib/thumb/v6-m/nofp\libcr_c.a(_deferredlazyseek.o)
                0x00002a88                __flsbuf
 .text._fflush  0x00002bd4       0x5c c:/nxp/mcuxpressoide_11.0.1_2563/ide/plugins/com.nxp.mcuxpresso.tools.win32_11.0.1.201907311258/tools/bin/../lib/gcc/arm-none-eabi/8.2.1/../../../../arm-none-eabi/lib/thumb/v6-m/nofp\libcr_c.a(_fflush.o)
                0x00002bd4                _fflush
 .text._Cwritebuf
                0x00002c30       0x68 c:/nxp/mcuxpressoide_11.0.1_2563/ide/plugins/com.nxp.mcuxpresso.tools.win32_11.0.1.201907311258/tools/bin/../lib/gcc/arm-none-eabi/8.2.1/../../../../arm-none-eabi/lib/thumb/v6-m/nofp\libcr_c.a(_writebuf.o)
                0x00002c30                _Cwritebuf
 .text.malloc   0x00002c98       0xcc c:/nxp/mcuxpressoide_11.0.1_2563/ide/plugins/com.nxp.mcuxpresso.tools.win32_11.0.1.201907311258/tools/bin/../lib/gcc/arm-none-eabi/8.2.1/../../../../arm-none-eabi/lib/thumb/v6-m/nofp\libcr_c.a(alloc.o)
                0x00002c98                malloc
 .text._Csys_alloc
                0x00002d64       0x20 c:/nxp/mcuxpressoide_11.0.1_2563/ide/plugins/com.nxp.mcuxpresso.tools.win32_11.0.1.201907311258/tools/bin/../lib/gcc/arm-none-eabi/8.2.1/../../../../arm-none-eabi/lib/thumb/v6-m/nofp\libcr_c.a(alloc.o)
                0x00002d64                _Csys_alloc
 .text.fseek    0x00002d84       0xf0 c:/nxp/mcuxpressoide_11.0.1_2563/ide/plugins/com.nxp.mcuxpresso.tools.win32_11.0.1.201907311258/tools/bin/../lib/gcc/arm-none-eabi/8.2.1/../../../../arm-none-eabi/lib/thumb/v6-m/nofp\libcr_c.a(fseek.o)
                0x00002d84                fseek
 .text.ftell    0x00002e74       0x48 c:/nxp/mcuxpressoide_11.0.1_2563/ide/plugins/com.nxp.mcuxpresso.tools.win32_11.0.1.201907311258/tools/bin/../lib/gcc/arm-none-eabi/8.2.1/../../../../arm-none-eabi/lib/thumb/v6-m/nofp\libcr_c.a(ftell.o)
                0x00002e74                ftell
 .text._initio  0x00002ebc       0x7c c:/nxp/mcuxpressoide_11.0.1_2563/ide/plugins/com.nxp.mcuxpresso.tools.win32_11.0.1.201907311258/tools/bin/../lib/gcc/arm-none-eabi/8.2.1/../../../../arm-none-eabi/lib/thumb/v6-m/nofp\libcr_c.a(initio.o)
                0x00002ebc                _initio
 .text.__vfprintf
                0x00002f38      0xcd8 c:/nxp/mcuxpressoide_11.0.1_2563/ide/plugins/com.nxp.mcuxpresso.tools.win32_11.0.1.201907311258/tools/bin/../lib/gcc/arm-none-eabi/8.2.1/../../../../arm-none-eabi/lib/thumb/v6-m/nofp\libcr_c.a(printf.o)
                0x00002f38                __vfprintf
 .text._vsnprintf
                0x00003c10       0x70 c:/nxp/mcuxpressoide_11.0.1_2563/ide/plugins/com.nxp.mcuxpresso.tools.win32_11.0.1.201907311258/tools/bin/../lib/gcc/arm-none-eabi/8.2.1/../../../../arm-none-eabi/lib/thumb/v6-m/nofp\libcr_c.a(printf.o)
                0x00003c10                _vsnprintf
 .text._printf  0x00003c80       0x50 c:/nxp/mcuxpressoide_11.0.1_2563/ide/plugins/com.nxp.mcuxpresso.tools.win32_11.0.1.201907311258/tools/bin/../lib/gcc/arm-none-eabi/8.2.1/../../../../arm-none-eabi/lib/thumb/v6-m/nofp\libcr_c.a(printf.o)
                0x00003c80                _printf
 .text.setvbuf  0x00003cd0       0x4c c:/nxp/mcuxpressoide_11.0.1_2563/ide/plugins/com.nxp.mcuxpresso.tools.win32_11.0.1.201907311258/tools/bin/../lib/gcc/arm-none-eabi/8.2.1/../../../../arm-none-eabi/lib/thumb/v6-m/nofp\libcr_c.a(setvbuf.o)
                0x00003cd0                setvbuf
 .text.strlen   0x00003d1c       0x58 c:/nxp/mcuxpressoide_11.0.1_2563/ide/plugins/com.nxp.mcuxpresso.tools.win32_11.0.1.201907311258/tools/bin/../lib/gcc/arm-none-eabi/8.2.1/../../../../arm-none-eabi/lib/thumb/v6-m/nofp\libcr_c.a(strlen.o)
                0x00003d1c                strlen
 .text._sbrk    0x00003d74       0x40 c:/nxp/mcuxpressoide_11.0.1_2563/ide/plugins/com.nxp.mcuxpresso.tools.win32_11.0.1.201907311258/tools/bin/../lib/gcc/arm-none-eabi/8.2.1/../../../../arm-none-eabi/lib/thumb/v6-m/nofp\libcr_c.a(_cr_sbrk.o)
                0x00003d74                _sbrk
 .text._fdopen  0x00003db4       0x74 c:/nxp/mcuxpressoide_11.0.1_2563/ide/plugins/com.nxp.mcuxpresso.tools.win32_11.0.1.201907311258/tools/bin/../lib/gcc/arm-none-eabi/8.2.1/../../../../arm-none-eabi/lib/thumb/v6-m/nofp\libcr_c.a(_fdopen.o)
                0x00003db4                _fdopen
 .text.fclose   0x00003e28       0x5c c:/nxp/mcuxpressoide_11.0.1_2563/ide/plugins/com.nxp.mcuxpresso.tools.win32_11.0.1.201907311258/tools/bin/../lib/gcc/arm-none-eabi/8.2.1/../../../../arm-none-eabi/lib/thumb/v6-m/nofp\libcr_c.a(fclose.o)
                0x00003e28                fclose
 .text.fflush   0x00003e84       0x44 c:/nxp/mcuxpressoide_11.0.1_2563/ide/plugins/com.nxp.mcuxpresso.tools.win32_11.0.1.201907311258/tools/bin/../lib/gcc/arm-none-eabi/8.2.1/../../../../arm-none-eabi/lib/thumb/v6-m/nofp\libcr_c.a(fflush.o)
                0x00003e84                fflush
 .text.__check_heap_overflow
                0x00003ec8       0x14 c:/nxp/mcuxpressoide_11.0.1_2563/ide/plugins/com.nxp.mcuxpresso.tools.win32_11.0.1.201907311258/tools/bin/../lib/gcc/arm-none-eabi/8.2.1/../../../../arm-none-eabi/lib/thumb/v6-m/nofp\libcr_c.a(_cr_check_heap.o)
                0x00003ec8                __check_heap_overflow
 .text._do_fflush
                0x00003edc       0x44 c:/nxp/mcuxpressoide_11.0.1_2563/ide/plugins/com.nxp.mcuxpresso.tools.win32_11.0.1.201907311258/tools/bin/../lib/gcc/arm-none-eabi/8.2.1/../../../../arm-none-eabi/lib/thumb/v6-m/nofp\libcr_c.a(_do_fflush.o)
                0x00003edc                _do_fflush
 .text.__aeabi_dmul
                0x00003f20      0x188 c:/nxp/mcuxpressoide_11.0.1_2563/ide/plugins/com.nxp.mcuxpresso.tools.win32_11.0.1.201907311258/tools/bin/../lib/gcc/arm-none-eabi/8.2.1/thumb/v6-m/nofp\libcr_eabihelpers.a(double.o)
                0x00003f20                __aeabi_dmul
 .text.__aeabi_d2iz
                0x000040a8       0x4c c:/nxp/mcuxpressoide_11.0.1_2563/ide/plugins/com.nxp.mcuxpresso.tools.win32_11.0.1.201907311258/tools/bin/../lib/gcc/arm-none-eabi/8.2.1/thumb/v6-m/nofp\libcr_eabihelpers.a(double.o)
                0x000040a8                __aeabi_d2iz
 .text.UART_EnableTx
                0x000040f4       0x40 ./utilities/fsl_debug_console.o
 .text.UART_EnableRx
                0x00004134       0x40 ./utilities/fsl_debug_console.o
 .text.LPSCI_EnableTx
                0x00004174       0x40 ./utilities/fsl_debug_console.o
 .text.LPSCI_EnableRx
                0x000041b4       0x40 ./utilities/fsl_debug_console.o
 .text.alert_event
                0x000041f4       0x1c ./source/I2C.o
                0x000041f4                alert_event
 .text.complete_event
                0x00004210       0x22 ./source/I2C.o
                0x00004210                complete_event
 .text.GPIO_SetPinsOutput
                0x00004232       0x18 ./source/ss_led_control.o
 .text.GPIO_ClearPinsOutput
                0x0000424a       0x18 ./source/ss_led_control.o
 .text.OSC_SetExtRefClkConfig
                0x00004262       0x3e ./drivers/fsl_clock.o
 .text.OSC_SetCapLoad
                0x000042a0       0x42 ./drivers/fsl_clock.o
 .text.CLOCK_GetPll0RefFreq
                0x000042e2       0x10 ./drivers/fsl_clock.o
 .text.CLOCK_SetExternalRefClkConfig
                0x000042f2       0x16 ./drivers/fsl_clock.o
                0x000042f2                CLOCK_SetExternalRefClkConfig
 .text.GPIO_WritePinOutput
                0x00004308       0x34 ./drivers/fsl_gpio.o
 .text.LPSCI_GetStatusFlags
                0x0000433c       0x26 ./drivers/fsl_lpsci.o
                0x0000433c                LPSCI_GetStatusFlags
 .text.UART_GetStatusFlags
                0x00004362       0x26 ./drivers/fsl_uart.o
                0x00004362                UART_GetStatusFlags
 .text.UART_WriteBlocking
                0x00004388       0x3a ./drivers/fsl_uart.o
                0x00004388                UART_WriteBlocking
 .text.BOARD_InitBootClocks
                0x000043c2        0xe ./board/clock_config.o
                0x000043c2                BOARD_InitBootClocks
 .text.BOARD_InitBootPeripherals
                0x000043d0        0xa ./board/peripherals.o
                0x000043d0                BOARD_InitBootPeripherals
 .text.BOARD_InitBootPins
                0x000043da        0xe ./board/pin_mux.o
                0x000043da                BOARD_InitBootPins
 .text.__main   0x000043e8        0xc c:/nxp/mcuxpressoide_11.0.1_2563/ide/plugins/com.nxp.mcuxpresso.tools.win32_11.0.1.201907311258/tools/bin/../lib/gcc/arm-none-eabi/8.2.1/../../../../arm-none-eabi/lib/thumb/v6-m/nofp\libcr_semihost_nf.a(_cr__main.o)
                0x000043e8                __CR_SEMIHOST
                0x000043e8                __main
 .text.memset   0x000043f4        0x8 c:/nxp/mcuxpressoide_11.0.1_2563/ide/plugins/com.nxp.mcuxpresso.tools.win32_11.0.1.201907311258/tools/bin/../lib/gcc/arm-none-eabi/8.2.1/../../../../arm-none-eabi/lib/thumb/v6-m/nofp\libcr_c.a(memset.o)
                0x000043f4                memset
 .text.free     0x000043fc       0x2c c:/nxp/mcuxpressoide_11.0.1_2563/ide/plugins/com.nxp.mcuxpresso.tools.win32_11.0.1.201907311258/tools/bin/../lib/gcc/arm-none-eabi/8.2.1/../../../../arm-none-eabi/lib/thumb/v6-m/nofp\libcr_c.a(alloc.o)
                0x000043fc                free
 .text.fputs    0x00004428       0x2e c:/nxp/mcuxpressoide_11.0.1_2563/ide/plugins/com.nxp.mcuxpresso.tools.win32_11.0.1.201907311258/tools/bin/../lib/gcc/arm-none-eabi/8.2.1/../../../../arm-none-eabi/lib/thumb/v6-m/nofp\libcr_c.a(fputs.o)
                0x00004428                fputs
 .text.no_fp_display
                0x00004456        0x4 c:/nxp/mcuxpressoide_11.0.1_2563/ide/plugins/com.nxp.mcuxpresso.tools.win32_11.0.1.201907311258/tools/bin/../lib/gcc/arm-none-eabi/8.2.1/../../../../arm-none-eabi/lib/thumb/v6-m/nofp\libcr_c.a(printf.o)
 .text.remove   0x0000445a       0x12 c:/nxp/mcuxpressoide_11.0.1_2563/ide/plugins/com.nxp.mcuxpresso.tools.win32_11.0.1.201907311258/tools/bin/../lib/gcc/arm-none-eabi/8.2.1/../../../../arm-none-eabi/lib/thumb/v6-m/nofp\libcr_c.a(remove.o)
                0x0000445a                remove
 .text.__aeabi_division_idivmod
                0x0000446c       0x78 c:/nxp/mcuxpressoide_11.0.1_2563/ide/plugins/com.nxp.mcuxpresso.tools.win32_11.0.1.201907311258/tools/bin/../lib/gcc/arm-none-eabi/8.2.1/thumb/v6-m/nofp\libcr_eabihelpers.a(division_32.o)
                0x0000446c                __aeabi_idivmod
                0x0000446c                __aeabi_idiv
                0x00004472                __aeabi_uidivmod
                0x00004472                __aeabi_uidiv
 .text.__aeabi_division_idiv0
                0x000044e4        0x2 c:/nxp/mcuxpressoide_11.0.1_2563/ide/plugins/com.nxp.mcuxpresso.tools.win32_11.0.1.201907311258/tools/bin/../lib/gcc/arm-none-eabi/8.2.1/thumb/v6-m/nofp\libcr_eabihelpers.a(division_idiv0.o)
                0x000044e4                __aeabi_idiv0
 .text.__bhs_ui2d
                0x000044e6       0x5e c:/nxp/mcuxpressoide_11.0.1_2563/ide/plugins/com.nxp.mcuxpresso.tools.win32_11.0.1.201907311258/tools/bin/../lib/gcc/arm-none-eabi/8.2.1/thumb/v6-m/nofp\libcr_eabihelpers.a(double.o)
                0x000044e6                __bhs_ui2d
 .text.__aeabi_i2d
                0x00004544       0x18 c:/nxp/mcuxpressoide_11.0.1_2563/ide/plugins/com.nxp.mcuxpresso.tools.win32_11.0.1.201907311258/tools/bin/../lib/gcc/arm-none-eabi/8.2.1/thumb/v6-m/nofp\libcr_eabihelpers.a(double.o)
                0x00004544                __aeabi_i2d
 .text.__aeabi_llong_lmul
                0x0000455c       0x2e c:/nxp/mcuxpressoide_11.0.1_2563/ide/plugins/com.nxp.mcuxpresso.tools.win32_11.0.1.201907311258/tools/bin/../lib/gcc/arm-none-eabi/8.2.1/thumb/v6-m/nofp\libcr_eabihelpers.a(llong.o)
                0x0000455c                __aeabi_lmul
 .text.__aeabi_memset_lowlevel
                0x0000458a       0x2a c:/nxp/mcuxpressoide_11.0.1_2563/ide/plugins/com.nxp.mcuxpresso.tools.win32_11.0.1.201907311258/tools/bin/../lib/gcc/arm-none-eabi/8.2.1/thumb/v6-m/nofp\libcr_eabihelpers.a(memcpy.o)
                0x0000458a                __aeabi_lowlevel_memset
 .text.__sys_close
                0x000045b4        0xc c:/nxp/mcuxpressoide_11.0.1_2563/ide/plugins/com.nxp.mcuxpresso.tools.win32_11.0.1.201907311258/tools/bin/../lib/gcc/arm-none-eabi/8.2.1/../../../../arm-none-eabi/lib/thumb/v6-m/nofp\libcr_semihost_nf.a(__sys_close.o)
                0x000045b4                __sys_close
 .text.__sys_flen
                0x000045c0        0xc c:/nxp/mcuxpressoide_11.0.1_2563/ide/plugins/com.nxp.mcuxpresso.tools.win32_11.0.1.201907311258/tools/bin/../lib/gcc/arm-none-eabi/8.2.1/../../../../arm-none-eabi/lib/thumb/v6-m/nofp\libcr_semihost_nf.a(__sys_flen.o)
                0x000045c0                __sys_flen
 .text.__sys_istty
                0x000045cc        0xc c:/nxp/mcuxpressoide_11.0.1_2563/ide/plugins/com.nxp.mcuxpresso.tools.win32_11.0.1.201907311258/tools/bin/../lib/gcc/arm-none-eabi/8.2.1/../../../../arm-none-eabi/lib/thumb/v6-m/nofp\libcr_semihost_nf.a(__sys_istty.o)
                0x000045cc                __sys_istty
 .text.__sys_remove
                0x000045d8        0xc c:/nxp/mcuxpressoide_11.0.1_2563/ide/plugins/com.nxp.mcuxpresso.tools.win32_11.0.1.201907311258/tools/bin/../lib/gcc/arm-none-eabi/8.2.1/../../../../arm-none-eabi/lib/thumb/v6-m/nofp\libcr_semihost_nf.a(__sys_remove.o)
                0x000045d8                __sys_remove
 .text.__sys_seek
                0x000045e4        0xc c:/nxp/mcuxpressoide_11.0.1_2563/ide/plugins/com.nxp.mcuxpresso.tools.win32_11.0.1.201907311258/tools/bin/../lib/gcc/arm-none-eabi/8.2.1/../../../../arm-none-eabi/lib/thumb/v6-m/nofp\libcr_semihost_nf.a(__sys_seek.o)
                0x000045e4                __sys_seek
 .text.__sys_tmpnam
                0x000045f0        0xc c:/nxp/mcuxpressoide_11.0.1_2563/ide/plugins/com.nxp.mcuxpresso.tools.win32_11.0.1.201907311258/tools/bin/../lib/gcc/arm-none-eabi/8.2.1/../../../../arm-none-eabi/lib/thumb/v6-m/nofp\libcr_semihost_nf.a(__sys_tmpnam.o)
                0x000045f0                __sys_tmpnam
 *(SORT_BY_ALIGNMENT(.rodata) SORT_BY_ALIGNMENT(.rodata.*) SORT_BY_ALIGNMENT(.constdata) SORT_BY_ALIGNMENT(.constdata.*))
 .rodata        0x000045fc       0x1f ./source/I2C.o
 *fill*         0x0000461b        0x1 ff
 .rodata        0x0000461c      0x33c ./source/State_Machine.o
 .rodata.state_machine
                0x00004958       0x14 ./source/State_Machine.o
 .rodata        0x0000496c        0xc ./source/Systick_timer.o
 .rodata        0x00004978      0x220 ./source/logger.o
 .rodata        0x00004b98       0xbd ./source/main.o
 *fill*         0x00004c55        0x3 ff
 .rodata        0x00004c58      0x11d ./drivers/fsl_clock.o
 *fill*         0x00004d75        0x3 ff
 .rodata.fllFactorTable.5230
                0x00004d78       0x10 ./drivers/fsl_clock.o
 .rodata        0x00004d88      0x4ae ./drivers/fsl_dma.o
 *fill*         0x00005236        0x2 ff
 .rodata        0x00005238       0x62 ./drivers/fsl_gpio.o
 *fill*         0x0000529a        0x2 ff
 .rodata        0x0000529c      0x48c ./drivers/fsl_lpsci.o
 .rodata        0x00005728      0x213 ./drivers/fsl_spi.o
 *fill*         0x0000593b        0x1 ff
 .rodata.s_uartBases
                0x0000593c        0xc ./drivers/fsl_uart.o
 .rodata.s_uartClock
                0x00005948        0xc ./drivers/fsl_uart.o
 .rodata        0x00005954      0x45b ./drivers/fsl_uart.o
 *fill*         0x00005daf        0x1 ff
 .rodata.mcgConfig_BOARD_BootClockRUN
                0x00005db0        0xa ./board/clock_config.o
                0x00005db0                mcgConfig_BOARD_BootClockRUN
 *fill*         0x00005dba        0x2 ff
 .rodata.simConfig_BOARD_BootClockRUN
                0x00005dbc        0x8 ./board/clock_config.o
                0x00005dbc                simConfig_BOARD_BootClockRUN
 .rodata.oscConfig_BOARD_BootClockRUN
                0x00005dc4        0x8 ./board/clock_config.o
                0x00005dc4                oscConfig_BOARD_BootClockRUN
 .rodata.__num_Ciob_streams
                0x00005dcc        0x4 c:/nxp/mcuxpressoide_11.0.1_2563/ide/plugins/com.nxp.mcuxpresso.tools.win32_11.0.1.201907311258/tools/bin/../lib/gcc/arm-none-eabi/8.2.1/../../../../arm-none-eabi/lib/thumb/v6-m/nofp\libcr_semihost_nf.a(__ciob.o)
                0x00005dcc                __num_Ciob_streams
 .rodata.__assertion_failed.str1.1
                0x00005dd0       0x15 c:/nxp/mcuxpressoide_11.0.1_2563/ide/plugins/com.nxp.mcuxpresso.tools.win32_11.0.1.201907311258/tools/bin/../lib/gcc/arm-none-eabi/8.2.1/../../../../arm-none-eabi/lib/thumb/v6-m/nofp\libcr_semihost_nf.a(_cr_assert.o)
 .rodata._Csys_alloc.str1.1
                0x00005de5       0x18 c:/nxp/mcuxpressoide_11.0.1_2563/ide/plugins/com.nxp.mcuxpresso.tools.win32_11.0.1.201907311258/tools/bin/../lib/gcc/arm-none-eabi/8.2.1/../../../../arm-none-eabi/lib/thumb/v6-m/nofp\libcr_c.a(alloc.o)
 .rodata._initio.str1.1
                0x00005dfd        0x4 c:/nxp/mcuxpressoide_11.0.1_2563/ide/plugins/com.nxp.mcuxpresso.tools.win32_11.0.1.201907311258/tools/bin/../lib/gcc/arm-none-eabi/8.2.1/../../../../arm-none-eabi/lib/thumb/v6-m/nofp\libcr_c.a(initio.o)
 .rodata.__vfprintf.str1.1
                0x00005e01       0x35 c:/nxp/mcuxpressoide_11.0.1_2563/ide/plugins/com.nxp.mcuxpresso.tools.win32_11.0.1.201907311258/tools/bin/../lib/gcc/arm-none-eabi/8.2.1/../../../../arm-none-eabi/lib/thumb/v6-m/nofp\libcr_c.a(printf.o)
                                 0x38 (size before relaxing)
                0x00005e38                . = ALIGN (0x4)
 *fill*         0x00005e36        0x2 ff

.glue_7         0x00005e38        0x0
 .glue_7        0x00005e38        0x0 linker stubs

.glue_7t        0x00005e38        0x0
 .glue_7t       0x00005e38        0x0 linker stubs

.vfp11_veneer   0x00005e38        0x0
 .vfp11_veneer  0x00005e38        0x0 linker stubs

.v4_bx          0x00005e38        0x0
 .v4_bx         0x00005e38        0x0 linker stubs

.iplt           0x00005e38        0x0
 .iplt          0x00005e38        0x0 ./utilities/fsl_debug_console.o

.rel.dyn        0x00005e38        0x0
 .rel.iplt      0x00005e38        0x0 ./utilities/fsl_debug_console.o

.ARM.extab
 *(SORT_BY_ALIGNMENT(.ARM.extab*) SORT_BY_ALIGNMENT(.gnu.linkonce.armextab.*))
                0x00005e38                __exidx_start = .

.ARM.exidx
 *(SORT_BY_ALIGNMENT(.ARM.exidx*) SORT_BY_ALIGNMENT(.gnu.linkonce.armexidx.*))
                0x00005e38                __exidx_end = .
                0x00005e38                _etext = .

.m_usb_data
 *(SORT_BY_ALIGNMENT(m_usb_bdt))

.mtb_buffer_default
                0x1ffff000       0x80
 *(SORT_BY_ALIGNMENT(.mtb*))
 .mtb.$RAM1     0x1ffff000       0x80 ./source/mtb.o
                0x1ffff000                __mtb_buffer__

.uninit_RESERVED
                0x1ffff080        0x0
                0x1ffff080                . = ALIGN (0x4)
 *(SORT_BY_ALIGNMENT(.bss.$RESERVED*))
                0x1ffff080                . = ALIGN (0x4)
                0x1ffff080                _end_uninit_RESERVED = .

.data           0x1ffff080       0x38 load address 0x00005e38
 FILL mask 0xff
                0x1ffff080                _data = .
 *(SORT_BY_ALIGNMENT(vtable))
 *(SORT_BY_ALIGNMENT(.ramfunc*))
 *(SORT_BY_ALIGNMENT(CodeQuickAccess))
 *(SORT_BY_ALIGNMENT(DataQuickAccess))
 *(SORT_BY_ALIGNMENT(RamFunction))
 *(SORT_BY_ALIGNMENT(.data*))
 .data.State    0x1ffff080       0x14 ./source/State_Machine.o
                0x1ffff080                State
 .data.State_Transition_Table
                0x1ffff094       0x18 ./source/State_Machine.o
                0x1ffff094                State_Transition_Table
 .data.led_config
                0x1ffff0ac        0x2 ./source/ss_led_control.o
                0x1ffff0ac                led_config
 *fill*         0x1ffff0ae        0x2 ff
 .data.s_slowIrcFreq
                0x1ffff0b0        0x4 ./drivers/fsl_clock.o
 .data.SystemCoreClock
                0x1ffff0b4        0x4 ./CMSIS/system_MKL25Z4.o
                0x1ffff0b4                SystemCoreClock
                0x1ffff0b8                . = ALIGN (0x4)
                0x1ffff0b8                _edata = .

.igot.plt       0x1ffff0b8        0x0 load address 0x00005e70
 .igot.plt      0x1ffff0b8        0x0 ./utilities/fsl_debug_console.o

.bss            0x1ffff0b8      0x150 load address 0x00005e70
                0x1ffff0b8                . = ALIGN (0x4)
                0x1ffff0b8                _bss = .
 *(SORT_BY_ALIGNMENT(.bss*))
 .bss.s_debugConsole
                0x1ffff0b8       0x10 ./utilities/fsl_debug_console.o
 .bss.DICON_FLAG
                0x1ffff0c8        0x4 ./source/I2C.o
                0x1ffff0c8                DICON_FLAG
 .bss.TL_Temp_Val
                0x1ffff0cc        0x4 ./source/POST_Test.o
                0x1ffff0cc                TL_Temp_Val
 .bss.TH_Temp_Val
                0x1ffff0d0        0x4 ./source/POST_Test.o
                0x1ffff0d0                TH_Temp_Val
 .bss.old_temp  0x1ffff0d4        0x4 ./source/POST_Test.o
                0x1ffff0d4                old_temp
 .bss.Temp_Val  0x1ffff0d8        0x4 ./source/State_Machine.o
                0x1ffff0d8                Temp_Val
 .bss.iteration_val
                0x1ffff0dc        0x4 ./source/State_Machine.o
                0x1ffff0dc                iteration_val
 .bss.avg_val   0x1ffff0e0        0x4 ./source/State_Machine.o
                0x1ffff0e0                avg_val
 .bss.timeout_cnt
                0x1ffff0e4        0x4 ./source/State_Machine.o
                0x1ffff0e4                timeout_cnt
 .bss.timeout_cnt_2
                0x1ffff0e8        0x4 ./source/State_Machine.o
                0x1ffff0e8                timeout_cnt_2
 .bss.LCNT      0x1ffff0ec        0x4 ./source/Systick_timer.o
                0x1ffff0ec                LCNT
 .bss.NOP_Index
                0x1ffff0f0        0x4 ./source/ss_led_control.o
                0x1ffff0f0                NOP_Index
 .bss.g_xtal0Freq
                0x1ffff0f4        0x4 ./drivers/fsl_clock.o
                0x1ffff0f4                g_xtal0Freq
 .bss.s_DMAHandle
                0x1ffff0f8       0x10 ./drivers/fsl_dma.o
 .bss.s_i2cHandle
                0x1ffff108        0x8 ./drivers/fsl_i2c.o
 .bss.s_i2cMasterIsr
                0x1ffff110        0x4 ./drivers/fsl_i2c.o
 .bss.s_i2cSlaveIsr
                0x1ffff114        0x4 ./drivers/fsl_i2c.o
 .bss.s_lpsciHandle
                0x1ffff118        0x4 ./drivers/fsl_lpsci.o
 .bss.s_lpsciIsr
                0x1ffff11c        0x4 ./drivers/fsl_lpsci.o
 .bss.s_spiHandle
                0x1ffff120        0x8 ./drivers/fsl_spi.o
 .bss.s_spiMasterIsr
                0x1ffff128        0x4 ./drivers/fsl_spi.o
 .bss.s_spiSlaveIsr
                0x1ffff12c        0x4 ./drivers/fsl_spi.o
 .bss.s_uartHandle
                0x1ffff130        0xc ./drivers/fsl_uart.o
 .bss.s_uartIsr
                0x1ffff13c        0x4 ./drivers/fsl_uart.o
 .bss.__Ciob    0x1ffff140       0xb4 c:/nxp/mcuxpressoide_11.0.1_2563/ide/plugins/com.nxp.mcuxpresso.tools.win32_11.0.1.201907311258/tools/bin/../lib/gcc/arm-none-eabi/8.2.1/../../../../arm-none-eabi/lib/thumb/v6-m/nofp\libcr_semihost_nf.a(__ciob.o)
                0x1ffff140                __Ciob
 .bss.__end_of_heap
                0x1ffff1f4        0x4 c:/nxp/mcuxpressoide_11.0.1_2563/ide/plugins/com.nxp.mcuxpresso.tools.win32_11.0.1.201907311258/tools/bin/../lib/gcc/arm-none-eabi/8.2.1/../../../../arm-none-eabi/lib/thumb/v6-m/nofp\libcr_c.a(__init_alloc.o)
                0x1ffff1f4                __end_of_heap
 .bss.__heaps   0x1ffff1f8        0x4 c:/nxp/mcuxpressoide_11.0.1_2563/ide/plugins/com.nxp.mcuxpresso.tools.win32_11.0.1.201907311258/tools/bin/../lib/gcc/arm-none-eabi/8.2.1/../../../../arm-none-eabi/lib/thumb/v6-m/nofp\libcr_c.a(__init_alloc.o)
                0x1ffff1f8                __heaps
 .bss.errno     0x1ffff1fc        0x4 c:/nxp/mcuxpressoide_11.0.1_2563/ide/plugins/com.nxp.mcuxpresso.tools.win32_11.0.1.201907311258/tools/bin/../lib/gcc/arm-none-eabi/8.2.1/../../../../arm-none-eabi/lib/thumb/v6-m/nofp\libcr_c.a(errno.o)
                0x1ffff1fc                errno
 .bss.current_state
                0x1ffff200        0x1 ./source/State_Machine.o
                0x1ffff200                current_state
 .bss.Event     0x1ffff201        0x1 ./source/State_Machine.o
                0x1ffff201                Event
 .bss.State_Transition_Var
                0x1ffff202        0x1 ./source/State_Machine.o
                0x1ffff202                State_Transition_Var
 .bss.log_var   0x1ffff203        0x1 ./source/logger.o
 .bss.Level_for_Logging
                0x1ffff204        0x1 ./source/logger.o
 .bss.return_val
                0x1ffff205        0x1 ./source/main.o
                0x1ffff205                return_val
 *(SORT_BY_ALIGNMENT(COMMON))
                0x1ffff208                . = ALIGN (0x4)
 *fill*         0x1ffff206        0x2 
                0x1ffff208                _ebss = .
                [!provide]                PROVIDE (end = .)

.noinit         0x1ffff208        0x0 load address 0x00005e70
                0x1ffff208                . = ALIGN (0x4)
                0x1ffff208                _noinit = .
 *(SORT_BY_ALIGNMENT(.noinit*))
                0x1ffff208                . = ALIGN (0x4)
                0x1ffff208                _end_noinit = .
                0x00000400                _HeapSize = 0x400

.heap           0x1ffff208      0x400 load address 0x00005e70
                0x1ffff208                _pvHeapStart = .
                0x1ffff608                . = (. + _HeapSize)
 *fill*         0x1ffff208      0x400 
                0x1ffff608                . = ALIGN (0x4)
                0x1ffff608                _pvHeapLimit = .
                0x00000400                _StackSize = 0x400

.heap2stackfill
                0x1ffff608      0x400 load address 0x00005e70
                0x1ffffa08                . = (. + _StackSize)
 *fill*         0x1ffff608      0x400 

.stack          0x20002c00        0x0
                0x20002c00                _vStackBase = .
                0x20002c00                . = ALIGN (0x4)
                0x20003000                _vStackTop = (. + _StackSize)
                0x00000000                _image_start = LOADADDR (.text)
                0x00005e70                _image_end = (LOADADDR (.data) + SIZEOF (.data))
                0x00005e70                _image_size = (_image_end - _image_start)
OUTPUT(PES_5813_Project_4.axf elf32-littlearm)

.debug_info     0x00000000     0xefa6
 .debug_info    0x00000000      0xa38 ./utilities/fsl_debug_console.o
 .debug_info    0x00000a38      0x4df ./startup/startup_mkl25z4.o
 .debug_info    0x00000f17      0xc66 ./source/I2C.o
 .debug_info    0x00001b7d      0x41a ./source/POST_Test.o
 .debug_info    0x00001f97      0xc6a ./source/State_Machine.o
 .debug_info    0x00002c01      0x780 ./source/Systick_timer.o
 .debug_info    0x00003381      0x7fa ./source/logger.o
 .debug_info    0x00003b7b      0x7b3 ./source/main.o
 .debug_info    0x0000432e       0x53 ./source/mtb.o
 .debug_info    0x00004381       0x3c ./source/semihost_hardfault.o
 .debug_info    0x000043bd      0x85f ./source/ss_led_control.o
 .debug_info    0x00004c1c     0x1a97 ./drivers/fsl_clock.o
 .debug_info    0x000066b3      0xf4e ./drivers/fsl_dma.o
 .debug_info    0x00007601      0x566 ./drivers/fsl_gpio.o
 .debug_info    0x00007b67     0x1a9a ./drivers/fsl_i2c.o
 .debug_info    0x00009601     0x1469 ./drivers/fsl_lpsci.o
 .debug_info    0x0000aa6a     0x1411 ./drivers/fsl_spi.o
 .debug_info    0x0000be7b     0x140a ./drivers/fsl_uart.o
 .debug_info    0x0000d285      0x80b ./board/board.o
 .debug_info    0x0000da90      0xafe ./board/clock_config.o
 .debug_info    0x0000e58e       0x3c ./board/peripherals.o
 .debug_info    0x0000e5ca      0x5a3 ./board/pin_mux.o
 .debug_info    0x0000eb6d      0x439 ./CMSIS/system_MKL25Z4.o

.debug_abbrev   0x00000000     0x2dbd
 .debug_abbrev  0x00000000      0x22c ./utilities/fsl_debug_console.o
 .debug_abbrev  0x0000022c      0x18d ./startup/startup_mkl25z4.o
 .debug_abbrev  0x000003b9      0x287 ./source/I2C.o
 .debug_abbrev  0x00000640      0x14e ./source/POST_Test.o
 .debug_abbrev  0x0000078e      0x28a ./source/State_Machine.o
 .debug_abbrev  0x00000a18      0x1ec ./source/Systick_timer.o
 .debug_abbrev  0x00000c04      0x1e5 ./source/logger.o
 .debug_abbrev  0x00000de9      0x19f ./source/main.o
 .debug_abbrev  0x00000f88       0x46 ./source/mtb.o
 .debug_abbrev  0x00000fce       0x31 ./source/semihost_hardfault.o
 .debug_abbrev  0x00000fff      0x1f4 ./source/ss_led_control.o
 .debug_abbrev  0x000011f3      0x36f ./drivers/fsl_clock.o
 .debug_abbrev  0x00001562      0x2ec ./drivers/fsl_dma.o
 .debug_abbrev  0x0000184e      0x1b8 ./drivers/fsl_gpio.o
 .debug_abbrev  0x00001a06      0x36e ./drivers/fsl_i2c.o
 .debug_abbrev  0x00001d74      0x309 ./drivers/fsl_lpsci.o
 .debug_abbrev  0x0000207d      0x323 ./drivers/fsl_spi.o
 .debug_abbrev  0x000023a0      0x323 ./drivers/fsl_uart.o
 .debug_abbrev  0x000026c3      0x1a7 ./board/board.o
 .debug_abbrev  0x0000286a      0x211 ./board/clock_config.o
 .debug_abbrev  0x00002a7b       0x31 ./board/peripherals.o
 .debug_abbrev  0x00002aac      0x1bb ./board/pin_mux.o
 .debug_abbrev  0x00002c67      0x156 ./CMSIS/system_MKL25Z4.o

.debug_aranges  0x00000000      0xcc0
 .debug_aranges
                0x00000000       0x58 ./utilities/fsl_debug_console.o
 .debug_aranges
                0x00000058      0x160 ./startup/startup_mkl25z4.o
 .debug_aranges
                0x000001b8       0x50 ./source/I2C.o
 .debug_aranges
                0x00000208       0x28 ./source/POST_Test.o
 .debug_aranges
                0x00000230       0x88 ./source/State_Machine.o
 .debug_aranges
                0x000002b8       0x30 ./source/Systick_timer.o
 .debug_aranges
                0x000002e8       0x50 ./source/logger.o
 .debug_aranges
                0x00000338       0x20 ./source/main.o
 .debug_aranges
                0x00000358       0x18 ./source/mtb.o
 .debug_aranges
                0x00000370       0x20 ./source/semihost_hardfault.o
 .debug_aranges
                0x00000390       0x58 ./source/ss_led_control.o
 .debug_aranges
                0x000003e8      0x1d8 ./drivers/fsl_clock.o
 .debug_aranges
                0x000005c0       0xd0 ./drivers/fsl_dma.o
 .debug_aranges
                0x00000690       0x40 ./drivers/fsl_gpio.o
 .debug_aranges
                0x000006d0      0x178 ./drivers/fsl_i2c.o
 .debug_aranges
                0x00000848      0x118 ./drivers/fsl_lpsci.o
 .debug_aranges
                0x00000960      0x130 ./drivers/fsl_spi.o
 .debug_aranges
                0x00000a90      0x130 ./drivers/fsl_uart.o
 .debug_aranges
                0x00000bc0       0x28 ./board/board.o
 .debug_aranges
                0x00000be8       0x58 ./board/clock_config.o
 .debug_aranges
                0x00000c40       0x20 ./board/peripherals.o
 .debug_aranges
                0x00000c60       0x38 ./board/pin_mux.o
 .debug_aranges
                0x00000c98       0x28 ./CMSIS/system_MKL25Z4.o

.debug_ranges   0x00000000      0xb48
 .debug_ranges  0x00000000       0x48 ./utilities/fsl_debug_console.o
 .debug_ranges  0x00000048      0x150 ./startup/startup_mkl25z4.o
 .debug_ranges  0x00000198       0x40 ./source/I2C.o
 .debug_ranges  0x000001d8       0x18 ./source/POST_Test.o
 .debug_ranges  0x000001f0       0x78 ./source/State_Machine.o
 .debug_ranges  0x00000268       0x20 ./source/Systick_timer.o
 .debug_ranges  0x00000288       0x40 ./source/logger.o
 .debug_ranges  0x000002c8       0x10 ./source/main.o
 .debug_ranges  0x000002d8       0x10 ./source/semihost_hardfault.o
 .debug_ranges  0x000002e8       0x48 ./source/ss_led_control.o
 .debug_ranges  0x00000330      0x1c8 ./drivers/fsl_clock.o
 .debug_ranges  0x000004f8       0xc0 ./drivers/fsl_dma.o
 .debug_ranges  0x000005b8       0x30 ./drivers/fsl_gpio.o
 .debug_ranges  0x000005e8      0x168 ./drivers/fsl_i2c.o
 .debug_ranges  0x00000750      0x108 ./drivers/fsl_lpsci.o
 .debug_ranges  0x00000858      0x120 ./drivers/fsl_spi.o
 .debug_ranges  0x00000978      0x120 ./drivers/fsl_uart.o
 .debug_ranges  0x00000a98       0x18 ./board/board.o
 .debug_ranges  0x00000ab0       0x48 ./board/clock_config.o
 .debug_ranges  0x00000af8       0x10 ./board/peripherals.o
 .debug_ranges  0x00000b08       0x28 ./board/pin_mux.o
 .debug_ranges  0x00000b30       0x18 ./CMSIS/system_MKL25Z4.o

.debug_macro    0x00000000     0x99f5
 .debug_macro   0x00000000      0x13a ./utilities/fsl_debug_console.o
 .debug_macro   0x0000013a      0xaae ./utilities/fsl_debug_console.o
 .debug_macro   0x00000be8       0x10 ./utilities/fsl_debug_console.o
 .debug_macro   0x00000bf8       0x16 ./utilities/fsl_debug_console.o
 .debug_macro   0x00000c0e       0x10 ./utilities/fsl_debug_console.o
 .debug_macro   0x00000c1e      0x12e ./utilities/fsl_debug_console.o
 .debug_macro   0x00000d4c       0x28 ./utilities/fsl_debug_console.o
 .debug_macro   0x00000d74       0xc4 ./utilities/fsl_debug_console.o
 .debug_macro   0x00000e38       0x16 ./utilities/fsl_debug_console.o
 .debug_macro   0x00000e4e       0x22 ./utilities/fsl_debug_console.o
 .debug_macro   0x00000e70      0x5b3 ./utilities/fsl_debug_console.o
 .debug_macro   0x00001423       0x10 ./utilities/fsl_debug_console.o
 .debug_macro   0x00001433       0x3f ./utilities/fsl_debug_console.o
 .debug_macro   0x00001472       0x3a ./utilities/fsl_debug_console.o
 .debug_macro   0x000014ac       0x26 ./utilities/fsl_debug_console.o
 .debug_macro   0x000014d2      0x329 ./utilities/fsl_debug_console.o
 .debug_macro   0x000017fb       0x30 ./utilities/fsl_debug_console.o
 .debug_macro   0x0000182b     0x51e2 ./utilities/fsl_debug_console.o
 .debug_macro   0x00006a0d     0x1352 ./utilities/fsl_debug_console.o
 .debug_macro   0x00007d5f       0x3a ./utilities/fsl_debug_console.o
 .debug_macro   0x00007d99       0xf4 ./utilities/fsl_debug_console.o
 .debug_macro   0x00007e8d       0x35 ./utilities/fsl_debug_console.o
 .debug_macro   0x00007ec2       0xd2 ./utilities/fsl_debug_console.o
 .debug_macro   0x00007f94       0x2e ./utilities/fsl_debug_console.o
 .debug_macro   0x00007fc2       0x10 ./utilities/fsl_debug_console.o
 .debug_macro   0x00007fd2       0x10 ./utilities/fsl_debug_console.o
 .debug_macro   0x00007fe2       0x29 ./startup/startup_mkl25z4.o
 .debug_macro   0x0000800b      0x1b0 ./source/I2C.o
 .debug_macro   0x000081bb       0x1c ./source/I2C.o
 .debug_macro   0x000081d7       0x16 ./source/I2C.o
 .debug_macro   0x000081ed       0x10 ./source/I2C.o
 .debug_macro   0x000081fd      0x112 ./source/I2C.o
 .debug_macro   0x0000830f       0x16 ./source/I2C.o
 .debug_macro   0x00008325       0x10 ./source/I2C.o
 .debug_macro   0x00008335       0x34 ./source/I2C.o
 .debug_macro   0x00008369       0x7c ./source/I2C.o
 .debug_macro   0x000083e5       0x64 ./source/I2C.o
 .debug_macro   0x00008449       0x10 ./source/I2C.o
 .debug_macro   0x00008459       0x1c ./source/I2C.o
 .debug_macro   0x00008475       0x1c ./source/I2C.o
 .debug_macro   0x00008491       0x6a ./source/I2C.o
 .debug_macro   0x000084fb      0x107 ./source/POST_Test.o
 .debug_macro   0x00008602       0x16 ./source/POST_Test.o
 .debug_macro   0x00008618      0x190 ./source/State_Machine.o
 .debug_macro   0x000087a8       0x22 ./source/State_Machine.o
 .debug_macro   0x000087ca       0x1c ./source/State_Machine.o
 .debug_macro   0x000087e6       0x10 ./source/State_Machine.o
 .debug_macro   0x000087f6       0x2e ./source/State_Machine.o
 .debug_macro   0x00008824       0x10 ./source/State_Machine.o
 .debug_macro   0x00008834      0x138 ./source/Systick_timer.o
 .debug_macro   0x0000896c      0x12a ./source/logger.o
 .debug_macro   0x00008a96      0x1ca ./source/main.o
 .debug_macro   0x00008c60       0x16 ./source/main.o
 .debug_macro   0x00008c76       0x34 ./source/main.o
 .debug_macro   0x00008caa       0x2f ./source/mtb.o
 .debug_macro   0x00008cd9       0x82 ./source/mtb.o
 .debug_macro   0x00008d5b       0x10 ./source/mtb.o
 .debug_macro   0x00008d6b       0x11 ./source/semihost_hardfault.o
 .debug_macro   0x00008d7c      0x14c ./source/ss_led_control.o
 .debug_macro   0x00008ec8      0x196 ./drivers/fsl_clock.o
 .debug_macro   0x0000905e       0xec ./drivers/fsl_dma.o
 .debug_macro   0x0000914a       0xec ./drivers/fsl_gpio.o
 .debug_macro   0x00009236       0xeb ./drivers/fsl_i2c.o
 .debug_macro   0x00009321       0x10 ./drivers/fsl_i2c.o
 .debug_macro   0x00009331       0xec ./drivers/fsl_lpsci.o
 .debug_macro   0x0000941d       0xeb ./drivers/fsl_spi.o
 .debug_macro   0x00009508       0x10 ./drivers/fsl_spi.o
 .debug_macro   0x00009518       0xf2 ./drivers/fsl_uart.o
 .debug_macro   0x0000960a      0x12b ./board/board.o
 .debug_macro   0x00009735      0x123 ./board/clock_config.o
 .debug_macro   0x00009858       0x1b ./board/peripherals.o
 .debug_macro   0x00009873       0xee ./board/pin_mux.o
 .debug_macro   0x00009961       0x94 ./CMSIS/system_MKL25Z4.o

.debug_line     0x00000000     0x8724
 .debug_line    0x00000000      0x473 ./utilities/fsl_debug_console.o
 .debug_line    0x00000473      0x1e7 ./startup/startup_mkl25z4.o
 .debug_line    0x0000065a      0x5a7 ./source/I2C.o
 .debug_line    0x00000c01      0x2ec ./source/POST_Test.o
 .debug_line    0x00000eed      0x63a ./source/State_Machine.o
 .debug_line    0x00001527      0x389 ./source/Systick_timer.o
 .debug_line    0x000018b0      0x42b ./source/logger.o
 .debug_line    0x00001cdb      0x3aa ./source/main.o
 .debug_line    0x00002085       0xd1 ./source/mtb.o
 .debug_line    0x00002156       0x5a ./source/semihost_hardfault.o
 .debug_line    0x000021b0      0x3f9 ./source/ss_led_control.o
 .debug_line    0x000025a9     0x12b1 ./drivers/fsl_clock.o
 .debug_line    0x0000385a      0x703 ./drivers/fsl_dma.o
 .debug_line    0x00003f5d      0x34b ./drivers/fsl_gpio.o
 .debug_line    0x000042a8     0x1276 ./drivers/fsl_i2c.o
 .debug_line    0x0000551e      0xd32 ./drivers/fsl_lpsci.o
 .debug_line    0x00006250      0xab4 ./drivers/fsl_spi.o
 .debug_line    0x00006d04      0xd21 ./drivers/fsl_uart.o
 .debug_line    0x00007a25      0x2ee ./board/board.o
 .debug_line    0x00007d13      0x373 ./board/clock_config.o
 .debug_line    0x00008086       0x5c ./board/peripherals.o
 .debug_line    0x000080e2      0x303 ./board/pin_mux.o
 .debug_line    0x000083e5      0x33f ./CMSIS/system_MKL25Z4.o

.debug_str      0x00000000    0x388e5
 .debug_str     0x00000000    0x315ee ./utilities/fsl_debug_console.o
                              0x31858 (size before relaxing)
 .debug_str     0x000315ee      0x3e1 ./startup/startup_mkl25z4.o
                               0x31ec (size before relaxing)
 .debug_str     0x000319cf     0x195f ./source/I2C.o
                              0x3280f (size before relaxing)
 .debug_str     0x0003332e       0x9b ./source/POST_Test.o
                              0x30e2a (size before relaxing)
 .debug_str     0x000333c9      0x408 ./source/State_Machine.o
                              0x323c9 (size before relaxing)
 .debug_str     0x000337d1      0x282 ./source/Systick_timer.o
                              0x31291 (size before relaxing)
 .debug_str     0x00033a53       0xe6 ./source/logger.o
                              0x310a6 (size before relaxing)
 .debug_str     0x00033b39       0x56 ./source/main.o
                              0x326e4 (size before relaxing)
 .debug_str     0x00033b8f      0x532 ./source/mtb.o
                               0x32f8 (size before relaxing)
 .debug_str     0x000340c1       0x1f ./source/semihost_hardfault.o
                               0x2de5 (size before relaxing)
 .debug_str     0x000340e0      0x12b ./source/ss_led_control.o
                              0x31f7c (size before relaxing)
 .debug_str     0x0003420b     0x14cd ./drivers/fsl_clock.o
                              0x322f3 (size before relaxing)
 .debug_str     0x000356d8      0x796 ./drivers/fsl_dma.o
                              0x315c1 (size before relaxing)
 .debug_str     0x00035e6e       0xa8 ./drivers/fsl_gpio.o
                              0x30b58 (size before relaxing)
 .debug_str     0x00035f16      0xbb2 ./drivers/fsl_i2c.o
                              0x31acd (size before relaxing)
 .debug_str     0x00036ac8      0x921 ./drivers/fsl_lpsci.o
                              0x318fb (size before relaxing)
 .debug_str     0x000373e9      0x7b1 ./drivers/fsl_spi.o
                              0x316bd (size before relaxing)
 .debug_str     0x00037b9a      0x832 ./drivers/fsl_uart.o
                              0x3191e (size before relaxing)
 .debug_str     0x000383cc       0x4c ./board/board.o
                              0x3176b (size before relaxing)
 .debug_str     0x00038418      0x300 ./board/clock_config.o
                              0x31221 (size before relaxing)
 .debug_str     0x00038718       0x31 ./board/peripherals.o
                               0x2df6 (size before relaxing)
 .debug_str     0x00038749      0x14d ./board/pin_mux.o
                              0x30b35 (size before relaxing)
 .debug_str     0x00038896       0x4f ./CMSIS/system_MKL25Z4.o
                              0x2fc5d (size before relaxing)

.comment        0x00000000       0x75
 .comment       0x00000000       0x75 ./utilities/fsl_debug_console.o
                                 0x76 (size before relaxing)
 .comment       0x00000075       0x76 ./startup/startup_mkl25z4.o
 .comment       0x00000075       0x76 ./source/I2C.o
 .comment       0x00000075       0x76 ./source/POST_Test.o
 .comment       0x00000075       0x76 ./source/State_Machine.o
 .comment       0x00000075       0x76 ./source/Systick_timer.o
 .comment       0x00000075       0x76 ./source/logger.o
 .comment       0x00000075       0x76 ./source/main.o
 .comment       0x00000075       0x76 ./source/mtb.o
 .comment       0x00000075       0x76 ./source/semihost_hardfault.o
 .comment       0x00000075       0x76 ./source/ss_led_control.o
 .comment       0x00000075       0x76 ./drivers/fsl_clock.o
 .comment       0x00000075       0x76 ./drivers/fsl_dma.o
 .comment       0x00000075       0x76 ./drivers/fsl_gpio.o
 .comment       0x00000075       0x76 ./drivers/fsl_i2c.o
 .comment       0x00000075       0x76 ./drivers/fsl_lpsci.o
 .comment       0x00000075       0x76 ./drivers/fsl_spi.o
 .comment       0x00000075       0x76 ./drivers/fsl_uart.o
 .comment       0x00000075       0x76 ./board/board.o
 .comment       0x00000075       0x76 ./board/clock_config.o
 .comment       0x00000075       0x76 ./board/peripherals.o
 .comment       0x00000075       0x76 ./board/pin_mux.o
 .comment       0x00000075       0x76 ./CMSIS/system_MKL25Z4.o
 .comment       0x00000075       0x76 c:/nxp/mcuxpressoide_11.0.1_2563/ide/plugins/com.nxp.mcuxpresso.tools.win32_11.0.1.201907311258/tools/bin/../lib/gcc/arm-none-eabi/8.2.1/../../../../arm-none-eabi/lib/thumb/v6-m/nofp\libcr_semihost_nf.a(_cr__main.o)
 .comment       0x00000075       0x76 c:/nxp/mcuxpressoide_11.0.1_2563/ide/plugins/com.nxp.mcuxpresso.tools.win32_11.0.1.201907311258/tools/bin/../lib/gcc/arm-none-eabi/8.2.1/../../../../arm-none-eabi/lib/thumb/v6-m/nofp\libcr_semihost_nf.a(_cr_assert.o)
 .comment       0x00000075       0x76 c:/nxp/mcuxpressoide_11.0.1_2563/ide/plugins/com.nxp.mcuxpresso.tools.win32_11.0.1.201907311258/tools/bin/../lib/gcc/arm-none-eabi/8.2.1/../../../../arm-none-eabi/lib/thumb/v6-m/nofp\libcr_semihost_nf.a(__ciob.o)
 .comment       0x00000075       0x76 c:/nxp/mcuxpressoide_11.0.1_2563/ide/plugins/com.nxp.mcuxpresso.tools.win32_11.0.1.201907311258/tools/bin/../lib/gcc/arm-none-eabi/8.2.1/../../../../arm-none-eabi/lib/thumb/v6-m/nofp\libcr_c.a(memset.o)
 .comment       0x00000075       0x76 c:/nxp/mcuxpressoide_11.0.1_2563/ide/plugins/com.nxp.mcuxpresso.tools.win32_11.0.1.201907311258/tools/bin/../lib/gcc/arm-none-eabi/8.2.1/../../../../arm-none-eabi/lib/thumb/v6-m/nofp\libcr_c.a(_deferredlazyseek.o)
 .comment       0x00000075       0x76 c:/nxp/mcuxpressoide_11.0.1_2563/ide/plugins/com.nxp.mcuxpresso.tools.win32_11.0.1.201907311258/tools/bin/../lib/gcc/arm-none-eabi/8.2.1/../../../../arm-none-eabi/lib/thumb/v6-m/nofp\libcr_c.a(_fflush.o)
 .comment       0x00000075       0x76 c:/nxp/mcuxpressoide_11.0.1_2563/ide/plugins/com.nxp.mcuxpresso.tools.win32_11.0.1.201907311258/tools/bin/../lib/gcc/arm-none-eabi/8.2.1/../../../../arm-none-eabi/lib/thumb/v6-m/nofp\libcr_c.a(_writebuf.o)
 .comment       0x00000075       0x76 c:/nxp/mcuxpressoide_11.0.1_2563/ide/plugins/com.nxp.mcuxpresso.tools.win32_11.0.1.201907311258/tools/bin/../lib/gcc/arm-none-eabi/8.2.1/../../../../arm-none-eabi/lib/thumb/v6-m/nofp\libcr_c.a(alloc.o)
 .comment       0x00000075       0x76 c:/nxp/mcuxpressoide_11.0.1_2563/ide/plugins/com.nxp.mcuxpresso.tools.win32_11.0.1.201907311258/tools/bin/../lib/gcc/arm-none-eabi/8.2.1/../../../../arm-none-eabi/lib/thumb/v6-m/nofp\libcr_c.a(fputs.o)
 .comment       0x00000075       0x76 c:/nxp/mcuxpressoide_11.0.1_2563/ide/plugins/com.nxp.mcuxpresso.tools.win32_11.0.1.201907311258/tools/bin/../lib/gcc/arm-none-eabi/8.2.1/../../../../arm-none-eabi/lib/thumb/v6-m/nofp\libcr_c.a(fseek.o)
 .comment       0x00000075       0x76 c:/nxp/mcuxpressoide_11.0.1_2563/ide/plugins/com.nxp.mcuxpresso.tools.win32_11.0.1.201907311258/tools/bin/../lib/gcc/arm-none-eabi/8.2.1/../../../../arm-none-eabi/lib/thumb/v6-m/nofp\libcr_c.a(ftell.o)
 .comment       0x00000075       0x76 c:/nxp/mcuxpressoide_11.0.1_2563/ide/plugins/com.nxp.mcuxpresso.tools.win32_11.0.1.201907311258/tools/bin/../lib/gcc/arm-none-eabi/8.2.1/../../../../arm-none-eabi/lib/thumb/v6-m/nofp\libcr_c.a(initio.o)
 .comment       0x00000075       0x76 c:/nxp/mcuxpressoide_11.0.1_2563/ide/plugins/com.nxp.mcuxpresso.tools.win32_11.0.1.201907311258/tools/bin/../lib/gcc/arm-none-eabi/8.2.1/../../../../arm-none-eabi/lib/thumb/v6-m/nofp\libcr_c.a(printf.o)
 .comment       0x00000075       0x76 c:/nxp/mcuxpressoide_11.0.1_2563/ide/plugins/com.nxp.mcuxpresso.tools.win32_11.0.1.201907311258/tools/bin/../lib/gcc/arm-none-eabi/8.2.1/../../../../arm-none-eabi/lib/thumb/v6-m/nofp\libcr_c.a(setvbuf.o)
 .comment       0x00000075       0x76 c:/nxp/mcuxpressoide_11.0.1_2563/ide/plugins/com.nxp.mcuxpresso.tools.win32_11.0.1.201907311258/tools/bin/../lib/gcc/arm-none-eabi/8.2.1/../../../../arm-none-eabi/lib/thumb/v6-m/nofp\libcr_c.a(strlen.o)
 .comment       0x00000075       0x76 c:/nxp/mcuxpressoide_11.0.1_2563/ide/plugins/com.nxp.mcuxpresso.tools.win32_11.0.1.201907311258/tools/bin/../lib/gcc/arm-none-eabi/8.2.1/../../../../arm-none-eabi/lib/thumb/v6-m/nofp\libcr_c.a(__init_alloc.o)
 .comment       0x00000075       0x76 c:/nxp/mcuxpressoide_11.0.1_2563/ide/plugins/com.nxp.mcuxpresso.tools.win32_11.0.1.201907311258/tools/bin/../lib/gcc/arm-none-eabi/8.2.1/../../../../arm-none-eabi/lib/thumb/v6-m/nofp\libcr_c.a(_cr_sbrk.o)
 .comment       0x00000075       0x76 c:/nxp/mcuxpressoide_11.0.1_2563/ide/plugins/com.nxp.mcuxpresso.tools.win32_11.0.1.201907311258/tools/bin/../lib/gcc/arm-none-eabi/8.2.1/../../../../arm-none-eabi/lib/thumb/v6-m/nofp\libcr_c.a(_fdopen.o)
 .comment       0x00000075       0x76 c:/nxp/mcuxpressoide_11.0.1_2563/ide/plugins/com.nxp.mcuxpresso.tools.win32_11.0.1.201907311258/tools/bin/../lib/gcc/arm-none-eabi/8.2.1/../../../../arm-none-eabi/lib/thumb/v6-m/nofp\libcr_c.a(errno.o)
 .comment       0x00000075       0x76 c:/nxp/mcuxpressoide_11.0.1_2563/ide/plugins/com.nxp.mcuxpresso.tools.win32_11.0.1.201907311258/tools/bin/../lib/gcc/arm-none-eabi/8.2.1/../../../../arm-none-eabi/lib/thumb/v6-m/nofp\libcr_c.a(fclose.o)
 .comment       0x00000075       0x76 c:/nxp/mcuxpressoide_11.0.1_2563/ide/plugins/com.nxp.mcuxpresso.tools.win32_11.0.1.201907311258/tools/bin/../lib/gcc/arm-none-eabi/8.2.1/../../../../arm-none-eabi/lib/thumb/v6-m/nofp\libcr_c.a(fflush.o)
 .comment       0x00000075       0x76 c:/nxp/mcuxpressoide_11.0.1_2563/ide/plugins/com.nxp.mcuxpresso.tools.win32_11.0.1.201907311258/tools/bin/../lib/gcc/arm-none-eabi/8.2.1/../../../../arm-none-eabi/lib/thumb/v6-m/nofp\libcr_c.a(remove.o)
 .comment       0x00000075       0x76 c:/nxp/mcuxpressoide_11.0.1_2563/ide/plugins/com.nxp.mcuxpresso.tools.win32_11.0.1.201907311258/tools/bin/../lib/gcc/arm-none-eabi/8.2.1/../../../../arm-none-eabi/lib/thumb/v6-m/nofp\libcr_c.a(_cr_check_heap.o)
 .comment       0x00000075       0x76 c:/nxp/mcuxpressoide_11.0.1_2563/ide/plugins/com.nxp.mcuxpresso.tools.win32_11.0.1.201907311258/tools/bin/../lib/gcc/arm-none-eabi/8.2.1/../../../../arm-none-eabi/lib/thumb/v6-m/nofp\libcr_c.a(_do_fflush.o)
 .comment       0x00000075       0x76 c:/nxp/mcuxpressoide_11.0.1_2563/ide/plugins/com.nxp.mcuxpresso.tools.win32_11.0.1.201907311258/tools/bin/../lib/gcc/arm-none-eabi/8.2.1/thumb/v6-m/nofp\libcr_eabihelpers.a(double.o)

.ARM.attributes
                0x00000000       0x2a
 .ARM.attributes
                0x00000000       0x2c ./utilities/fsl_debug_console.o
 .ARM.attributes
                0x0000002c       0x2c ./startup/startup_mkl25z4.o
 .ARM.attributes
                0x00000058       0x2c ./source/I2C.o
 .ARM.attributes
                0x00000084       0x2c ./source/POST_Test.o
 .ARM.attributes
                0x000000b0       0x2c ./source/State_Machine.o
 .ARM.attributes
                0x000000dc       0x2c ./source/Systick_timer.o
 .ARM.attributes
                0x00000108       0x2c ./source/logger.o
 .ARM.attributes
                0x00000134       0x2c ./source/main.o
 .ARM.attributes
                0x00000160       0x32 ./source/mtb.o
 .ARM.attributes
                0x00000192       0x2c ./source/semihost_hardfault.o
 .ARM.attributes
                0x000001be       0x2c ./source/ss_led_control.o
 .ARM.attributes
                0x000001ea       0x2c ./drivers/fsl_clock.o
 .ARM.attributes
                0x00000216       0x2c ./drivers/fsl_dma.o
 .ARM.attributes
                0x00000242       0x2c ./drivers/fsl_gpio.o
 .ARM.attributes
                0x0000026e       0x2c ./drivers/fsl_i2c.o
 .ARM.attributes
                0x0000029a       0x2c ./drivers/fsl_lpsci.o
 .ARM.attributes
                0x000002c6       0x2c ./drivers/fsl_spi.o
 .ARM.attributes
                0x000002f2       0x2c ./drivers/fsl_uart.o
 .ARM.attributes
                0x0000031e       0x2c ./board/board.o
 .ARM.attributes
                0x0000034a       0x2c ./board/clock_config.o
 .ARM.attributes
                0x00000376       0x2c ./board/peripherals.o
 .ARM.attributes
                0x000003a2       0x2c ./board/pin_mux.o
 .ARM.attributes
                0x000003ce       0x2c ./CMSIS/system_MKL25Z4.o
 .ARM.attributes
                0x000003fa       0x2c c:/nxp/mcuxpressoide_11.0.1_2563/ide/plugins/com.nxp.mcuxpresso.tools.win32_11.0.1.201907311258/tools/bin/../lib/gcc/arm-none-eabi/8.2.1/../../../../arm-none-eabi/lib/thumb/v6-m/nofp\libcr_semihost_nf.a(_cr__main.o)
 .ARM.attributes
                0x00000426       0x2c c:/nxp/mcuxpressoide_11.0.1_2563/ide/plugins/com.nxp.mcuxpresso.tools.win32_11.0.1.201907311258/tools/bin/../lib/gcc/arm-none-eabi/8.2.1/../../../../arm-none-eabi/lib/thumb/v6-m/nofp\libcr_semihost_nf.a(_cr_assert.o)
 .ARM.attributes
                0x00000452       0x31 c:/nxp/mcuxpressoide_11.0.1_2563/ide/plugins/com.nxp.mcuxpresso.tools.win32_11.0.1.201907311258/tools/bin/../lib/gcc/arm-none-eabi/8.2.1/../../../../arm-none-eabi/lib/thumb/v6-m/nofp\libcr_semihost_nf.a(__ciob.o)
 .ARM.attributes
                0x00000483       0x1c c:/nxp/mcuxpressoide_11.0.1_2563/ide/plugins/com.nxp.mcuxpresso.tools.win32_11.0.1.201907311258/tools/bin/../lib/gcc/arm-none-eabi/8.2.1/../../../../arm-none-eabi/lib/thumb/v6-m/nofp\libcr_semihost_nf.a(__sys_appexit.o)
 .ARM.attributes
                0x0000049f       0x2c c:/nxp/mcuxpressoide_11.0.1_2563/ide/plugins/com.nxp.mcuxpresso.tools.win32_11.0.1.201907311258/tools/bin/../lib/gcc/arm-none-eabi/8.2.1/../../../../arm-none-eabi/lib/thumb/v6-m/nofp\libcr_c.a(memset.o)
 .ARM.attributes
                0x000004cb       0x2c c:/nxp/mcuxpressoide_11.0.1_2563/ide/plugins/com.nxp.mcuxpresso.tools.win32_11.0.1.201907311258/tools/bin/../lib/gcc/arm-none-eabi/8.2.1/../../../../arm-none-eabi/lib/thumb/v6-m/nofp\libcr_c.a(_deferredlazyseek.o)
 .ARM.attributes
                0x000004f7       0x2c c:/nxp/mcuxpressoide_11.0.1_2563/ide/plugins/com.nxp.mcuxpresso.tools.win32_11.0.1.201907311258/tools/bin/../lib/gcc/arm-none-eabi/8.2.1/../../../../arm-none-eabi/lib/thumb/v6-m/nofp\libcr_c.a(_fflush.o)
 .ARM.attributes
                0x00000523       0x2c c:/nxp/mcuxpressoide_11.0.1_2563/ide/plugins/com.nxp.mcuxpresso.tools.win32_11.0.1.201907311258/tools/bin/../lib/gcc/arm-none-eabi/8.2.1/../../../../arm-none-eabi/lib/thumb/v6-m/nofp\libcr_c.a(_writebuf.o)
 .ARM.attributes
                0x0000054f       0x2c c:/nxp/mcuxpressoide_11.0.1_2563/ide/plugins/com.nxp.mcuxpresso.tools.win32_11.0.1.201907311258/tools/bin/../lib/gcc/arm-none-eabi/8.2.1/../../../../arm-none-eabi/lib/thumb/v6-m/nofp\libcr_c.a(alloc.o)
 .ARM.attributes
                0x0000057b       0x2c c:/nxp/mcuxpressoide_11.0.1_2563/ide/plugins/com.nxp.mcuxpresso.tools.win32_11.0.1.201907311258/tools/bin/../lib/gcc/arm-none-eabi/8.2.1/../../../../arm-none-eabi/lib/thumb/v6-m/nofp\libcr_c.a(fputs.o)
 .ARM.attributes
                0x000005a7       0x2c c:/nxp/mcuxpressoide_11.0.1_2563/ide/plugins/com.nxp.mcuxpresso.tools.win32_11.0.1.201907311258/tools/bin/../lib/gcc/arm-none-eabi/8.2.1/../../../../arm-none-eabi/lib/thumb/v6-m/nofp\libcr_c.a(fseek.o)
 .ARM.attributes
                0x000005d3       0x2c c:/nxp/mcuxpressoide_11.0.1_2563/ide/plugins/com.nxp.mcuxpresso.tools.win32_11.0.1.201907311258/tools/bin/../lib/gcc/arm-none-eabi/8.2.1/../../../../arm-none-eabi/lib/thumb/v6-m/nofp\libcr_c.a(ftell.o)
 .ARM.attributes
                0x000005ff       0x2c c:/nxp/mcuxpressoide_11.0.1_2563/ide/plugins/com.nxp.mcuxpresso.tools.win32_11.0.1.201907311258/tools/bin/../lib/gcc/arm-none-eabi/8.2.1/../../../../arm-none-eabi/lib/thumb/v6-m/nofp\libcr_c.a(initio.o)
 .ARM.attributes
                0x0000062b       0x2c c:/nxp/mcuxpressoide_11.0.1_2563/ide/plugins/com.nxp.mcuxpresso.tools.win32_11.0.1.201907311258/tools/bin/../lib/gcc/arm-none-eabi/8.2.1/../../../../arm-none-eabi/lib/thumb/v6-m/nofp\libcr_c.a(printf.o)
 .ARM.attributes
                0x00000657       0x2c c:/nxp/mcuxpressoide_11.0.1_2563/ide/plugins/com.nxp.mcuxpresso.tools.win32_11.0.1.201907311258/tools/bin/../lib/gcc/arm-none-eabi/8.2.1/../../../../arm-none-eabi/lib/thumb/v6-m/nofp\libcr_c.a(setvbuf.o)
 .ARM.attributes
                0x00000683       0x2c c:/nxp/mcuxpressoide_11.0.1_2563/ide/plugins/com.nxp.mcuxpresso.tools.win32_11.0.1.201907311258/tools/bin/../lib/gcc/arm-none-eabi/8.2.1/../../../../arm-none-eabi/lib/thumb/v6-m/nofp\libcr_c.a(strlen.o)
 .ARM.attributes
                0x000006af       0x2c c:/nxp/mcuxpressoide_11.0.1_2563/ide/plugins/com.nxp.mcuxpresso.tools.win32_11.0.1.201907311258/tools/bin/../lib/gcc/arm-none-eabi/8.2.1/../../../../arm-none-eabi/lib/thumb/v6-m/nofp\libcr_c.a(__init_alloc.o)
 .ARM.attributes
                0x000006db       0x2c c:/nxp/mcuxpressoide_11.0.1_2563/ide/plugins/com.nxp.mcuxpresso.tools.win32_11.0.1.201907311258/tools/bin/../lib/gcc/arm-none-eabi/8.2.1/../../../../arm-none-eabi/lib/thumb/v6-m/nofp\libcr_c.a(_cr_sbrk.o)
 .ARM.attributes
                0x00000707       0x2c c:/nxp/mcuxpressoide_11.0.1_2563/ide/plugins/com.nxp.mcuxpresso.tools.win32_11.0.1.201907311258/tools/bin/../lib/gcc/arm-none-eabi/8.2.1/../../../../arm-none-eabi/lib/thumb/v6-m/nofp\libcr_c.a(_fdopen.o)
 .ARM.attributes
                0x00000733       0x31 c:/nxp/mcuxpressoide_11.0.1_2563/ide/plugins/com.nxp.mcuxpresso.tools.win32_11.0.1.201907311258/tools/bin/../lib/gcc/arm-none-eabi/8.2.1/../../../../arm-none-eabi/lib/thumb/v6-m/nofp\libcr_c.a(errno.o)
 .ARM.attributes
                0x00000764       0x2c c:/nxp/mcuxpressoide_11.0.1_2563/ide/plugins/com.nxp.mcuxpresso.tools.win32_11.0.1.201907311258/tools/bin/../lib/gcc/arm-none-eabi/8.2.1/../../../../arm-none-eabi/lib/thumb/v6-m/nofp\libcr_c.a(fclose.o)
 .ARM.attributes
                0x00000790       0x2c c:/nxp/mcuxpressoide_11.0.1_2563/ide/plugins/com.nxp.mcuxpresso.tools.win32_11.0.1.201907311258/tools/bin/../lib/gcc/arm-none-eabi/8.2.1/../../../../arm-none-eabi/lib/thumb/v6-m/nofp\libcr_c.a(fflush.o)
 .ARM.attributes
                0x000007bc       0x2c c:/nxp/mcuxpressoide_11.0.1_2563/ide/plugins/com.nxp.mcuxpresso.tools.win32_11.0.1.201907311258/tools/bin/../lib/gcc/arm-none-eabi/8.2.1/../../../../arm-none-eabi/lib/thumb/v6-m/nofp\libcr_c.a(remove.o)
 .ARM.attributes
                0x000007e8       0x2c c:/nxp/mcuxpressoide_11.0.1_2563/ide/plugins/com.nxp.mcuxpresso.tools.win32_11.0.1.201907311258/tools/bin/../lib/gcc/arm-none-eabi/8.2.1/../../../../arm-none-eabi/lib/thumb/v6-m/nofp\libcr_c.a(_cr_check_heap.o)
 .ARM.attributes
                0x00000814       0x2c c:/nxp/mcuxpressoide_11.0.1_2563/ide/plugins/com.nxp.mcuxpresso.tools.win32_11.0.1.201907311258/tools/bin/../lib/gcc/arm-none-eabi/8.2.1/../../../../arm-none-eabi/lib/thumb/v6-m/nofp\libcr_c.a(_do_fflush.o)
 .ARM.attributes
                0x00000840       0x1c c:/nxp/mcuxpressoide_11.0.1_2563/ide/plugins/com.nxp.mcuxpresso.tools.win32_11.0.1.201907311258/tools/bin/../lib/gcc/arm-none-eabi/8.2.1/thumb/v6-m/nofp\libcr_eabihelpers.a(division_32.o)
 .ARM.attributes
                0x0000085c       0x1c c:/nxp/mcuxpressoide_11.0.1_2563/ide/plugins/com.nxp.mcuxpresso.tools.win32_11.0.1.201907311258/tools/bin/../lib/gcc/arm-none-eabi/8.2.1/thumb/v6-m/nofp\libcr_eabihelpers.a(division_idiv0.o)
 .ARM.attributes
                0x00000878       0x2c c:/nxp/mcuxpressoide_11.0.1_2563/ide/plugins/com.nxp.mcuxpresso.tools.win32_11.0.1.201907311258/tools/bin/../lib/gcc/arm-none-eabi/8.2.1/thumb/v6-m/nofp\libcr_eabihelpers.a(double.o)
 .ARM.attributes
                0x000008a4       0x1c c:/nxp/mcuxpressoide_11.0.1_2563/ide/plugins/com.nxp.mcuxpresso.tools.win32_11.0.1.201907311258/tools/bin/../lib/gcc/arm-none-eabi/8.2.1/thumb/v6-m/nofp\libcr_eabihelpers.a(llong.o)
 .ARM.attributes
                0x000008c0       0x1c c:/nxp/mcuxpressoide_11.0.1_2563/ide/plugins/com.nxp.mcuxpresso.tools.win32_11.0.1.201907311258/tools/bin/../lib/gcc/arm-none-eabi/8.2.1/thumb/v6-m/nofp\libcr_eabihelpers.a(memcpy.o)
 .ARM.attributes
                0x000008dc       0x1c c:/nxp/mcuxpressoide_11.0.1_2563/ide/plugins/com.nxp.mcuxpresso.tools.win32_11.0.1.201907311258/tools/bin/../lib/gcc/arm-none-eabi/8.2.1/../../../../arm-none-eabi/lib/thumb/v6-m/nofp\libcr_semihost_nf.a(__sys_close.o)
 .ARM.attributes
                0x000008f8       0x1c c:/nxp/mcuxpressoide_11.0.1_2563/ide/plugins/com.nxp.mcuxpresso.tools.win32_11.0.1.201907311258/tools/bin/../lib/gcc/arm-none-eabi/8.2.1/../../../../arm-none-eabi/lib/thumb/v6-m/nofp\libcr_semihost_nf.a(__sys_flen.o)
 .ARM.attributes
                0x00000914       0x1c c:/nxp/mcuxpressoide_11.0.1_2563/ide/plugins/com.nxp.mcuxpresso.tools.win32_11.0.1.201907311258/tools/bin/../lib/gcc/arm-none-eabi/8.2.1/../../../../arm-none-eabi/lib/thumb/v6-m/nofp\libcr_semihost_nf.a(__sys_istty.o)
 .ARM.attributes
                0x00000930       0x1c c:/nxp/mcuxpressoide_11.0.1_2563/ide/plugins/com.nxp.mcuxpresso.tools.win32_11.0.1.201907311258/tools/bin/../lib/gcc/arm-none-eabi/8.2.1/../../../../arm-none-eabi/lib/thumb/v6-m/nofp\libcr_semihost_nf.a(__sys_remove.o)
 .ARM.attributes
                0x0000094c       0x1c c:/nxp/mcuxpressoide_11.0.1_2563/ide/plugins/com.nxp.mcuxpresso.tools.win32_11.0.1.201907311258/tools/bin/../lib/gcc/arm-none-eabi/8.2.1/../../../../arm-none-eabi/lib/thumb/v6-m/nofp\libcr_semihost_nf.a(__sys_seek.o)
 .ARM.attributes
                0x00000968       0x1c c:/nxp/mcuxpressoide_11.0.1_2563/ide/plugins/com.nxp.mcuxpresso.tools.win32_11.0.1.201907311258/tools/bin/../lib/gcc/arm-none-eabi/8.2.1/../../../../arm-none-eabi/lib/thumb/v6-m/nofp\libcr_semihost_nf.a(__sys_tmpnam.o)

.debug_frame    0x00000000     0x2960
 .debug_frame   0x00000000      0x10c ./utilities/fsl_debug_console.o
 .debug_frame   0x0000010c      0x3b0 ./startup/startup_mkl25z4.o
 .debug_frame   0x000004bc       0xf0 ./source/I2C.o
 .debug_frame   0x000005ac       0x4c ./source/POST_Test.o
 .debug_frame   0x000005f8      0x1a0 ./source/State_Machine.o
 .debug_frame   0x00000798       0x68 ./source/Systick_timer.o
 .debug_frame   0x00000800       0xe4 ./source/logger.o
 .debug_frame   0x000008e4       0x2c ./source/main.o
 .debug_frame   0x00000910       0x20 ./source/semihost_hardfault.o
 .debug_frame   0x00000930       0xfc ./source/ss_led_control.o
 .debug_frame   0x00000a2c      0x6e0 ./drivers/fsl_clock.o
 .debug_frame   0x0000110c      0x2e0 ./drivers/fsl_dma.o
 .debug_frame   0x000013ec       0xb0 ./drivers/fsl_gpio.o
 .debug_frame   0x0000149c      0x58c ./drivers/fsl_i2c.o
 .debug_frame   0x00001a28      0x418 ./drivers/fsl_lpsci.o
 .debug_frame   0x00001e40      0x468 ./drivers/fsl_spi.o
 .debug_frame   0x000022a8      0x468 ./drivers/fsl_uart.o
 .debug_frame   0x00002710       0x50 ./board/board.o
 .debug_frame   0x00002760      0x100 ./board/clock_config.o
 .debug_frame   0x00002860       0x2c ./board/peripherals.o
 .debug_frame   0x0000288c       0x88 ./board/pin_mux.o
 .debug_frame   0x00002914       0x4c ./CMSIS/system_MKL25Z4.o

Cross Reference Table

Symbol                                            File
ADC0_DriverIRQHandler                             ./startup/startup_mkl25z4.o
ADC0_IRQHandler                                   ./startup/startup_mkl25z4.o
ADC16_ClearStatusFlags                            ./drivers/fsl_adc16.o
ADC16_Deinit                                      ./drivers/fsl_adc16.o
ADC16_DoAutoCalibration                           ./drivers/fsl_adc16.o
ADC16_GetChannelStatusFlags                       ./drivers/fsl_adc16.o
ADC16_GetDefaultConfig                            ./drivers/fsl_adc16.o
ADC16_GetStatusFlags                              ./drivers/fsl_adc16.o
ADC16_Init                                        ./drivers/fsl_adc16.o
ADC16_SetChannelConfig                            ./drivers/fsl_adc16.o
ADC16_SetChannelMuxMode                           ./drivers/fsl_adc16.o
ADC16_SetHardwareAverage                          ./drivers/fsl_adc16.o
ADC16_SetHardwareCompareConfig                    ./drivers/fsl_adc16.o
Average_Wait_Func_for_Event                       ./source/State_Machine.o
Average_Wait_State                                ./source/State_Machine.o
BOARD_BootClockRUN                                ./board/clock_config.o
BOARD_BootClockVLPR                               ./board/clock_config.o
BOARD_InitBootClocks                              ./board/clock_config.o
                                                  ./source/main.o
BOARD_InitBootPeripherals                         ./board/peripherals.o
                                                  ./source/main.o
BOARD_InitBootPins                                ./board/pin_mux.o
                                                  ./source/main.o
BOARD_InitDebugConsole                            ./board/board.o
                                                  ./source/main.o
BOARD_InitPins                                    ./board/pin_mux.o
CLOCK_BootToBlpeMode                              ./drivers/fsl_clock.o
CLOCK_BootToBlpiMode                              ./drivers/fsl_clock.o
                                                  ./board/clock_config.o
CLOCK_BootToFeeMode                               ./drivers/fsl_clock.o
CLOCK_BootToFeiMode                               ./drivers/fsl_clock.o
CLOCK_BootToPeeMode                               ./drivers/fsl_clock.o
                                                  ./board/clock_config.o
CLOCK_CalcPllDiv                                  ./drivers/fsl_clock.o
CLOCK_ClearStatusFlags                            ./drivers/fsl_clock.o
CLOCK_DeinitOsc0                                  ./drivers/fsl_clock.o
CLOCK_EnablePll0                                  ./drivers/fsl_clock.o
CLOCK_EnableUsbfs0Clock                           ./drivers/fsl_clock.o
CLOCK_ExternalModeToFbeModeQuick                  ./drivers/fsl_clock.o
CLOCK_FllStableDelay                              ./drivers/fsl_clock.o
CLOCK_GetBusClkFreq                               ./drivers/fsl_clock.o
CLOCK_GetCoreSysClkFreq                           ./drivers/fsl_clock.o
CLOCK_GetEr32kClkFreq                             ./drivers/fsl_clock.o
CLOCK_GetFixedFreqClkFreq                         ./drivers/fsl_clock.o
CLOCK_GetFlashClkFreq                             ./drivers/fsl_clock.o
CLOCK_GetFllFreq                                  ./drivers/fsl_clock.o
CLOCK_GetFreq                                     ./drivers/fsl_clock.o
CLOCK_GetInternalRefClkFreq                       ./drivers/fsl_clock.o
CLOCK_GetMode                                     ./drivers/fsl_clock.o
CLOCK_GetOsc0ErClkFreq                            ./drivers/fsl_clock.o
CLOCK_GetOutClkFreq                               ./drivers/fsl_clock.o
CLOCK_GetPlatClkFreq                              ./drivers/fsl_clock.o
CLOCK_GetPll0Freq                                 ./drivers/fsl_clock.o
CLOCK_GetPllFllSelClkFreq                         ./drivers/fsl_clock.o
                                                  ./board/board.o
CLOCK_GetStatusFlags                              ./drivers/fsl_clock.o
CLOCK_InitOsc0                                    ./drivers/fsl_clock.o
                                                  ./board/clock_config.o
CLOCK_InternalModeToFbiModeQuick                  ./drivers/fsl_clock.o
CLOCK_SetBlpeMode                                 ./drivers/fsl_clock.o
CLOCK_SetBlpiMode                                 ./drivers/fsl_clock.o
CLOCK_SetExternalRefClkConfig                     ./drivers/fsl_clock.o
CLOCK_SetFbeMode                                  ./drivers/fsl_clock.o
CLOCK_SetFbiMode                                  ./drivers/fsl_clock.o
CLOCK_SetFeeMode                                  ./drivers/fsl_clock.o
CLOCK_SetFeiMode                                  ./drivers/fsl_clock.o
CLOCK_SetInternalRefClkConfig                     ./drivers/fsl_clock.o
                                                  ./board/clock_config.o
CLOCK_SetMcgConfig                                ./drivers/fsl_clock.o
CLOCK_SetOsc0MonitorMode                          ./drivers/fsl_clock.o
CLOCK_SetPbeMode                                  ./drivers/fsl_clock.o
CLOCK_SetPeeMode                                  ./drivers/fsl_clock.o
CLOCK_SetPll0MonitorMode                          ./drivers/fsl_clock.o
CLOCK_SetSimConfig                                ./drivers/fsl_clock.o
                                                  ./board/clock_config.o
CLOCK_TrimInternalRefClk                          ./drivers/fsl_clock.o
CMP0_DriverIRQHandler                             ./startup/startup_mkl25z4.o
CMP0_IRQHandler                                   ./startup/startup_mkl25z4.o
CMP_ClearStatusFlags                              ./drivers/fsl_cmp.o
CMP_Deinit                                        ./drivers/fsl_cmp.o
CMP_DisableInterrupts                             ./drivers/fsl_cmp.o
CMP_EnableDMA                                     ./drivers/fsl_cmp.o
CMP_EnableInterrupts                              ./drivers/fsl_cmp.o
CMP_GetDefaultConfig                              ./drivers/fsl_cmp.o
CMP_GetStatusFlags                                ./drivers/fsl_cmp.o
CMP_Init                                          ./drivers/fsl_cmp.o
CMP_SetDACConfig                                  ./drivers/fsl_cmp.o
CMP_SetFilterConfig                               ./drivers/fsl_cmp.o
CMP_SetInputChannels                              ./drivers/fsl_cmp.o
COP_GetDefaultConfig                              ./drivers/fsl_cop.o
COP_Init                                          ./drivers/fsl_cop.o
COP_Refresh                                       ./drivers/fsl_cop.o
DAC0_DriverIRQHandler                             ./startup/startup_mkl25z4.o
DAC0_IRQHandler                                   ./startup/startup_mkl25z4.o
DAC_ClearBufferStatusFlags                        ./drivers/fsl_dac.o
DAC_Deinit                                        ./drivers/fsl_dac.o
DAC_DisableBufferInterrupts                       ./drivers/fsl_dac.o
DAC_EnableBufferInterrupts                        ./drivers/fsl_dac.o
DAC_GetBufferStatusFlags                          ./drivers/fsl_dac.o
DAC_GetDefaultBufferConfig                        ./drivers/fsl_dac.o
DAC_GetDefaultConfig                              ./drivers/fsl_dac.o
DAC_Init                                          ./drivers/fsl_dac.o
DAC_SetBufferConfig                               ./drivers/fsl_dac.o
DAC_SetBufferReadPointer                          ./drivers/fsl_dac.o
DAC_SetBufferValue                                ./drivers/fsl_dac.o
DICON_FLAG                                        ./source/I2C.o
                                                  ./source/State_Machine.o
DMA0_DriverIRQHandler                             ./drivers/fsl_dma.o
                                                  ./startup/startup_mkl25z4.o
DMA0_IRQHandler                                   ./startup/startup_mkl25z4.o
DMA1_DriverIRQHandler                             ./drivers/fsl_dma.o
                                                  ./startup/startup_mkl25z4.o
DMA1_IRQHandler                                   ./startup/startup_mkl25z4.o
DMA2_DriverIRQHandler                             ./drivers/fsl_dma.o
                                                  ./startup/startup_mkl25z4.o
DMA2_IRQHandler                                   ./startup/startup_mkl25z4.o
DMA3_DriverIRQHandler                             ./drivers/fsl_dma.o
                                                  ./startup/startup_mkl25z4.o
DMA3_IRQHandler                                   ./startup/startup_mkl25z4.o
DMAMUX_Deinit                                     ./drivers/fsl_dmamux.o
DMAMUX_Init                                       ./drivers/fsl_dmamux.o
DMA_AbortTransfer                                 ./drivers/fsl_dma.o
                                                  ./drivers/fsl_uart_dma.o
                                                  ./drivers/fsl_lpsci_dma.o
                                                  ./drivers/fsl_i2c_dma.o
DMA_CreateHandle                                  ./drivers/fsl_dma.o
DMA_Deinit                                        ./drivers/fsl_dma.o
DMA_HandleIRQ                                     ./drivers/fsl_dma.o
DMA_Init                                          ./drivers/fsl_dma.o
DMA_PrepareTransfer                               ./drivers/fsl_dma.o
                                                  ./drivers/fsl_uart_dma.o
                                                  ./drivers/fsl_lpsci_dma.o
DMA_ResetChannel                                  ./drivers/fsl_dma.o
DMA_SetCallback                                   ./drivers/fsl_dma.o
                                                  ./drivers/fsl_uart_dma.o
                                                  ./drivers/fsl_spi_dma.o
                                                  ./drivers/fsl_lpsci_dma.o
                                                  ./drivers/fsl_i2c_dma.o
DMA_SetChannelLinkConfig                          ./drivers/fsl_dma.o
DMA_SetModulo                                     ./drivers/fsl_dma.o
DMA_SetTransferConfig                             ./drivers/fsl_dma.o
DMA_SubmitTransfer                                ./drivers/fsl_dma.o
                                                  ./drivers/fsl_uart_dma.o
                                                  ./drivers/fsl_spi_dma.o
                                                  ./drivers/fsl_lpsci_dma.o
                                                  ./drivers/fsl_i2c_dma.o
DbgConsole_Deinit                                 ./utilities/fsl_debug_console.o
DbgConsole_Init                                   ./utilities/fsl_debug_console.o
                                                  ./board/board.o
Disconnected_State                                ./source/State_Machine.o
Disconnected_State_Func_for_Event                 ./source/State_Machine.o
End_State                                         ./source/State_Machine.o
End_State_Func_for_Event                          ./source/State_Machine.o
Event                                             ./source/State_Machine.o
FLASH_Erase                                       ./drivers/fsl_flash.o
FLASH_EraseAll                                    ./drivers/fsl_flash.o
FLASH_EraseAllExecuteOnlySegments                 ./drivers/fsl_flash.o
FLASH_GetProperty                                 ./drivers/fsl_flash.o
FLASH_GetSecurityState                            ./drivers/fsl_flash.o
FLASH_Init                                        ./drivers/fsl_flash.o
FLASH_IsExecuteOnly                               ./drivers/fsl_flash.o
FLASH_IsProtected                                 ./drivers/fsl_flash.o
FLASH_PflashGetPrefetchSpeculation                ./drivers/fsl_flash.o