port.c:129:14:pxPortInitialiseStack	24	static
port.c:147:13:prvTaskExitError	8	static
port.c:161:6:SVC_Handler	8	static
port.c:168:6:vPortStartFirstTask	0	static
port.c:198:12:xPortStartScheduler	8	static
port.c:225:6:vPortEndScheduler	8	static
port.c:233:6:vPortYield	8	static
port.c:245:6:vPortEnterCritical	8	static
port.c:254:6:vPortExitCritical	8	static
port.c:265:10:ulSetInterruptMaskFromISR	0	static
port.c:278:6:vClearInterruptMaskFromISR	0	static
port.c:290:6:PendSV_Handler	0	static
port.c:338:6:SysTick_Handler	16	static
