fsl_gpio.h:175:20:GPIO_SetPinsOutput	16	static
fsl_gpio.h:186:20:GPIO_ClearPinsOutput	16	static
fsl_rtc.h:308:20:RTC_StartTimer	16	static
Led_Blink.c:45:6:LED_Initialize	8	static
Led_Blink.c:52:6:LED_OFF	8	static
Led_Blink.c:60:5:delay	24	static
Led_Blink.c:78:6:RTC_Initialize	8	static
Led_Blink.c:96:6:RTC_Call	40	static
Led_Blink.c:106:6:LED_Handler_fb_run	24	static
Led_Blink.c:155:6:LED_Handler_fb_debug	24	static
Led_Blink.c:235:6:pc_run	24	static
Led_Blink.c:278:6:pc_debug	24	static
Led_Blink.c:343:6:LED_RED	8	static
Led_Blink.c:351:6:LED_GREEN	8	static
Led_Blink.c:359:6:LED_BLUE	8	static
